Archive member included to satisfy reference by file (symbol)

/home/tuya/.silabs/slt/installs/conan/p/gcc-a442105b5c2637/p/bin/../lib/gcc/arm-none-eabi/12.2.1/thumb/v8-m.main+fp/hard/libgcc.a(_aeabi_ldivmod.o)
                              CMakeFiles/slc.dir/base/home/tuya/.silabs/slt/installs/conan/p/simpl965e19baece23/p/platform_core/platform/service/sleeptimer/src/sl_sleeptimer.c.obj (__aeabi_ldivmod)
/home/tuya/.silabs/slt/installs/conan/p/gcc-a442105b5c2637/p/bin/../lib/gcc/arm-none-eabi/12.2.1/thumb/v8-m.main+fp/hard/libgcc.a(_aeabi_uldivmod.o)
                              CMakeFiles/slc.dir/base/home/tuya/.silabs/slt/installs/conan/p/simpl965e19baece23/p/platform_core/platform/service/sleeptimer/src/sl_sleeptimer.c.obj (__aeabi_uldivmod)
/home/tuya/.silabs/slt/installs/conan/p/gcc-a442105b5c2637/p/bin/../lib/gcc/arm-none-eabi/12.2.1/thumb/v8-m.main+fp/hard/libgcc.a(_udivmoddi4.o)
                              /home/tuya/.silabs/slt/installs/conan/p/gcc-a442105b5c2637/p/bin/../lib/gcc/arm-none-eabi/12.2.1/thumb/v8-m.main+fp/hard/libgcc.a(_aeabi_ldivmod.o) (__udivmoddi4)
/home/tuya/.silabs/slt/installs/conan/p/gcc-a442105b5c2637/p/bin/../lib/gcc/arm-none-eabi/12.2.1/thumb/v8-m.main+fp/hard/libgcc.a(_dvmd_tls.o)
                              /home/tuya/.silabs/slt/installs/conan/p/gcc-a442105b5c2637/p/bin/../lib/gcc/arm-none-eabi/12.2.1/thumb/v8-m.main+fp/hard/libgcc.a(_aeabi_ldivmod.o) (__aeabi_ldiv0)
/home/tuya/.silabs/slt/installs/conan/p/gcc-a442105b5c2637/p/bin/../lib/gcc/arm-none-eabi/12.2.1/../../../../arm-none-eabi/lib/thumb/v8-m.main+fp/hard/libc_nano.a(libc_a-exit.o)
                              /home/tuya/.silabs/slt/installs/conan/p/gcc-a442105b5c2637/p/bin/../lib/gcc/arm-none-eabi/12.2.1/../../../../arm-none-eabi/lib/thumb/v8-m.main+fp/hard/crt0.o (exit)
/home/tuya/.silabs/slt/installs/conan/p/gcc-a442105b5c2637/p/bin/../lib/gcc/arm-none-eabi/12.2.1/../../../../arm-none-eabi/lib/thumb/v8-m.main+fp/hard/libc_nano.a(libc_a-init.o)
                              /home/tuya/.silabs/slt/installs/conan/p/gcc-a442105b5c2637/p/bin/../lib/gcc/arm-none-eabi/12.2.1/../../../../arm-none-eabi/lib/thumb/v8-m.main+fp/hard/crt0.o (__libc_init_array)
/home/tuya/.silabs/slt/installs/conan/p/gcc-a442105b5c2637/p/bin/../lib/gcc/arm-none-eabi/12.2.1/../../../../arm-none-eabi/lib/thumb/v8-m.main+fp/hard/libc_nano.a(libc_a-memcpy-stub.o)
                              CMakeFiles/slc.dir/base/home/tuya/.silabs/slt/installs/conan/p/simpl965e19baece23/p/freertos/cmsis/Source/cmsis_os2.c.obj (memcpy)
/home/tuya/.silabs/slt/installs/conan/p/gcc-a442105b5c2637/p/bin/../lib/gcc/arm-none-eabi/12.2.1/../../../../arm-none-eabi/lib/thumb/v8-m.main+fp/hard/libc_nano.a(libc_a-findfp.o)
                              /home/tuya/.silabs/slt/installs/conan/p/gcc-a442105b5c2637/p/bin/../lib/gcc/arm-none-eabi/12.2.1/../../../../arm-none-eabi/lib/thumb/v8-m.main+fp/hard/libc_nano.a(libc_a-exit.o) (__stdio_exit_handler)
/home/tuya/.silabs/slt/installs/conan/p/gcc-a442105b5c2637/p/bin/../lib/gcc/arm-none-eabi/12.2.1/../../../../arm-none-eabi/lib/thumb/v8-m.main+fp/hard/libc_nano.a(libc_a-strlen.o)
                              CMakeFiles/slc.dir/base/home/tuya/.silabs/slt/installs/conan/p/simpl965e19baece23/p/security_se_manager/platform/security/sl_component/se_manager/src/sl_se_manager_key_derivation.c.obj (strlen)
/home/tuya/.silabs/slt/installs/conan/p/gcc-a442105b5c2637/p/bin/../lib/gcc/arm-none-eabi/12.2.1/../../../../arm-none-eabi/lib/thumb/v8-m.main+fp/hard/libc_nano.a(libc_a-stdio.o)
                              /home/tuya/.silabs/slt/installs/conan/p/gcc-a442105b5c2637/p/bin/../lib/gcc/arm-none-eabi/12.2.1/../../../../arm-none-eabi/lib/thumb/v8-m.main+fp/hard/libc_nano.a(libc_a-findfp.o) (__sread)
/home/tuya/.silabs/slt/installs/conan/p/gcc-a442105b5c2637/p/bin/../lib/gcc/arm-none-eabi/12.2.1/../../../../arm-none-eabi/lib/thumb/v8-m.main+fp/hard/libc_nano.a(libc_a-writer.o)
                              /home/tuya/.silabs/slt/installs/conan/p/gcc-a442105b5c2637/p/bin/../lib/gcc/arm-none-eabi/12.2.1/../../../../arm-none-eabi/lib/thumb/v8-m.main+fp/hard/libc_nano.a(libc_a-stdio.o) (_write_r)
/home/tuya/.silabs/slt/installs/conan/p/gcc-a442105b5c2637/p/bin/../lib/gcc/arm-none-eabi/12.2.1/../../../../arm-none-eabi/lib/thumb/v8-m.main+fp/hard/libc_nano.a(libc_a-errno.o)
                              CMakeFiles/slc.dir/base/home/tuya/.silabs/slt/installs/conan/p/simpl965e19baece23/p/platform_core/platform/service/memory_manager/src/sl_memory_manager.c.obj (__errno)
/home/tuya/.silabs/slt/installs/conan/p/gcc-a442105b5c2637/p/bin/../lib/gcc/arm-none-eabi/12.2.1/../../../../arm-none-eabi/lib/thumb/v8-m.main+fp/hard/libc_nano.a(libc_a-fwalk.o)
                              /home/tuya/.silabs/slt/installs/conan/p/gcc-a442105b5c2637/p/bin/../lib/gcc/arm-none-eabi/12.2.1/../../../../arm-none-eabi/lib/thumb/v8-m.main+fp/hard/libc_nano.a(libc_a-findfp.o) (_fwalk_sglue)
[...]
Memory Configuration

Name             Origin             Length             Attributes
FLASH            0x0000000001000000 0x0000000000391000 xr
RAM              0x0000000020000000 0x0000000000080000 xrw
RAM_ALIAS        0x0000000000800000 0x0000000000080000 x
*default*        0x0000000000000000 0xffffffffffffffff

Linker script and memory map

LOAD /home/tuya/.silabs/slt/installs/conan/p/gcc-a442105b5c2637/p/bin/../lib/gcc/arm-none-eabi/12.2.1/thumb/v8-m.main+fp/hard/crti.o
LOAD /home/tuya/.silabs/slt/installs/conan/p/gcc-a442105b5c2637/p/bin/../lib/gcc/arm-none-eabi/12.2.1/thumb/v8-m.main+fp/hard/crtbegin.o
LOAD /home/tuya/.silabs/slt/installs/conan/p/gcc-a442105b5c2637/p/bin/../lib/gcc/arm-none-eabi/12.2.1/../../../../arm-none-eabi/lib/thumb/v8-m.main+fp/hard/crt0.o
LOAD CMakeFiles/slc.dir/base/home/tuya/.silabs/slt/installs/conan/p/simpl965e19baece23/p/boards/hardware/board/src/sl_board_control_gpio.c.obj
LOAD CMakeFiles/slc.dir/base/home/tuya/.silabs/slt/installs/conan/p/simpl965e19baece23/p/boards/hardware/board/src/sl_board_init.c.obj
LOAD CMakeFiles/slc.dir/base/home/tuya/.silabs/slt/installs/conan/p/simpl965e19baece23/p/cmsis/RTOS2/Source/os_systick.c.obj
LOAD CMakeFiles/slc.dir/base/home/tuya/.silabs/slt/installs/conan/p/simpl965e19baece23/p/cmsis_common/platform/common/src/sl_cmsis_os2_common.c.obj
LOAD CMakeFiles/slc.dir/base/home/tuya/.silabs/slt/installs/conan/p/simpl965e19baece23/p/devices/platform/Device/SiliconLabs/SIMG301/Source/startup_simg301.c.obj
LOAD CMakeFiles/slc.dir/base/home/tuya/.silabs/slt/installs/conan/p/simpl965e19baece23/p/devices/platform/Device/SiliconLabs/SIMG301/Source/system_simg301.c.obj
LOAD CMakeFiles/slc.dir/base/home/tuya/.silabs/slt/installs/conan/p/simpl965e19baece23/p/freertos/cmsis/Source/cmsis_os2.c.obj
LOAD CMakeFiles/slc.dir/base/home/tuya/.silabs/slt/installs/conan/p/simpl965e19baece23/p/freertos/kernel/croutine.c.obj
LOAD CMakeFiles/slc.dir/base/home/tuya/.silabs/slt/installs/conan/p/simpl965e19baece23/p/freertos/kernel/event_groups.c.obj
LOAD CMakeFiles/slc.dir/base/home/tuya/.silabs/slt/installs/conan/p/simpl965e19baece23/p/freertos/kernel/list.c.obj
LOAD CMakeFiles/slc.dir/base/home/tuya/.silabs/slt/installs/conan/p/simpl965e19baece23/p/freertos/kernel/portable/GCC/ARM_CM33_NTZ/non_secure/mpu_wrappers_v2_asm.c.obj
LOAD CMakeFiles/slc.dir/base/home/tuya/.silabs/slt/installs/conan/p/simpl965e19baece23/p/freertos/kernel/portable/GCC/ARM_CM33_NTZ/non_secure/port.c.obj
LOAD CMakeFiles/slc.dir/base/home/tuya/.silabs/slt/installs/conan/p/simpl965e19baece23/p/freertos/kernel/portable/GCC/ARM_CM33_NTZ/non_secure/portasm.c.obj
LOAD CMakeFiles/slc.dir/base/home/tuya/.silabs/slt/installs/conan/p/simpl965e19baece23/p/freertos/kernel/portable/MemMang/heap_3.c.obj
LOAD CMakeFiles/slc.dir/base/home/tuya/.silabs/slt/installs/conan/p/simpl965e19baece23/p/freertos/kernel/queue.c.obj
LOAD CMakeFiles/slc.dir/base/home/tuya/.silabs/slt/installs/conan/p/simpl965e19baece23/p/freertos/kernel/stream_buffer.c.obj
LOAD CMakeFiles/slc.dir/base/home/tuya/.silabs/slt/installs/conan/p/simpl965e19baece23/p/freertos/kernel/tasks.c.obj
LOAD CMakeFiles/slc.dir/base/home/tuya/.silabs/slt/installs/conan/p/simpl965e19baece23/p/freertos/kernel/timers.c.obj
LOAD CMakeFiles/slc.dir/base/home/tuya/.silabs/slt/installs/conan/p/simpl965e19baece23/p/platform_common/platform/common/src/sl_assert.c.obj
LOAD CMakeFiles/slc.dir/base/home/tuya/.silabs/slt/installs/conan/p/simpl965e19baece23/p/platform_common/platform/common/src/sl_syscalls.c.obj
LOAD CMakeFiles/slc.dir/base/home/tuya/.silabs/slt/installs/conan/p/simpl965e19baece23/p/platform_core/hardware/driver/configuration_over_swo/src/sl_cos.c.obj
LOAD CMakeFiles/slc.dir/base/home/tuya/.silabs/slt/installs/conan/p/simpl965e19baece23/p/platform_core/platform/common/src/sl_core_cortexm.c.obj
LOAD CMakeFiles/slc.dir/base/home/tuya/.silabs/slt/installs/conan/p/simpl965e19baece23/p/platform_core/platform/common/src/sl_tz_non_secure_execution.c.obj
LOAD CMakeFiles/slc.dir/base/home/tuya/.silabs/slt/installs/conan/p/simpl965e19baece23/p/platform_core/platform/driver/debug/src/sl_debug_swo.c.obj
LOAD CMakeFiles/slc.dir/base/home/tuya/.silabs/slt/installs/conan/p/simpl965e19baece23/p/platform_core/platform/driver/gpio/src/sl_gpio.c.obj
LOAD CMakeFiles/slc.dir/base/home/tuya/.silabs/slt/installs/conan/p/simpl965e19baece23/p/platform_core/platform/driver/leddrv/src/sl_led.c.obj
LOAD CMakeFiles/slc.dir/base/home/tuya/.silabs/slt/installs/conan/p/simpl965e19baece23/p/platform_core/platform/driver/leddrv/src/sl_simple_led.c.obj
LOAD CMakeFiles/slc.dir/base/home/tuya/.silabs/slt/installs/conan/p/simpl965e19baece23/p/platform_core/platform/peripheral/src/sl_hal_burtc.c.obj
LOAD CMakeFiles/slc.dir/base/home/tuya/.silabs/slt/installs/conan/p/simpl965e19baece23/p/platform_core/platform/peripheral/src/sl_hal_gpcrc.c.obj
LOAD CMakeFiles/slc.dir/base/home/tuya/.silabs/slt/installs/conan/p/simpl965e19baece23/p/platform_core/platform/peripheral/src/sl_hal_gpio.c.obj
LOAD CMakeFiles/slc.dir/base/home/tuya/.silabs/slt/installs/conan/p/simpl965e19baece23/p/platform_core/platform/peripheral/src/sl_hal_prs.c.obj
LOAD CMakeFiles/slc.dir/base/home/tuya/.silabs/slt/installs/conan/p/simpl965e19baece23/p/platform_core/platform/peripheral/src/sl_hal_syscfg.c.obj
LOAD CMakeFiles/slc.dir/base/home/tuya/.silabs/slt/installs/conan/p/simpl965e19baece23/p/platform_core/platform/peripheral/src/sl_hal_sysrtc.c.obj
LOAD CMakeFiles/slc.dir/base/home/tuya/.silabs/slt/installs/conan/p/simpl965e19baece23/p/platform_core/platform/peripheral/src/sl_hal_sysrtc_subsystem.c.obj
LOAD CMakeFiles/slc.dir/base/home/tuya/.silabs/slt/installs/conan/p/simpl965e19baece23/p/platform_core/platform/peripheral/src/sl_hal_system.c.obj
LOAD CMakeFiles/slc.dir/base/home/tuya/.silabs/slt/installs/conan/p/simpl965e19baece23/p/platform_core/platform/peripheral/src/sl_hal_timer.c.obj
LOAD CMakeFiles/slc.dir/base/home/tuya/.silabs/slt/installs/conan/p/simpl965e19baece23/p/platform_core/platform/service/clock_manager/src/sl_clock_manager.c.obj
LOAD CMakeFiles/slc.dir/base/home/tuya/.silabs/slt/installs/conan/p/simpl965e19baece23/p/platform_core/platform/service/clock_manager/src/sl_clock_manager_hal_s3.c.obj
LOAD CMakeFiles/slc.dir/base/home/tuya/.silabs/slt/installs/conan/p/simpl965e19baece23/p/platform_core/platform/service/clock_manager/src/sl_clock_manager_init.c.obj
LOAD CMakeFiles/slc.dir/base/home/tuya/.silabs/slt/installs/conan/p/simpl965e19baece23/p/platform_core/platform/service/clock_manager/src/sl_clock_manager_init_hal_s3.c.obj
LOAD CMakeFiles/slc.dir/base/home/tuya/.silabs/slt/installs/conan/p/simpl965e19baece23/p/platform_core/platform/service/device_manager/clocks/sl_device_clock_sixx301.c.obj
LOAD CMakeFiles/slc.dir/base/home/tuya/.silabs/slt/installs/conan/p/simpl965e19baece23/p/platform_core/platform/service/device_manager/devices/sl_device_peripheral_hal_sixx301.c.obj
LOAD CMakeFiles/slc.dir/base/home/tuya/.silabs/slt/installs/conan/p/simpl965e19baece23/p/platform_core/platform/service/device_manager/dma/sl_device_dma_s3.c.obj
LOAD CMakeFiles/slc.dir/base/home/tuya/.silabs/slt/installs/conan/p/simpl965e19baece23/p/platform_core/platform/service/device_manager/src/sl_device_clock.c.obj
LOAD CMakeFiles/slc.dir/base/home/tuya/.silabs/slt/installs/conan/p/simpl965e19baece23/p/platform_core/platform/service/device_manager/src/sl_device_dma.c.obj
LOAD CMakeFiles/slc.dir/base/home/tuya/.silabs/slt/installs/conan/p/simpl965e19baece23/p/platform_core/platform/service/device_manager/src/sl_device_gpio.c.obj
LOAD CMakeFiles/slc.dir/base/home/tuya/.silabs/slt/installs/conan/p/simpl965e19baece23/p/platform_core/platform/service/device_manager/src/sl_device_peripheral.c.obj
LOAD CMakeFiles/slc.dir/base/home/tuya/.silabs/slt/installs/conan/p/simpl965e19baece23/p/platform_core/platform/service/interrupt_manager/src/sl_interrupt_manager_cortexm.c.obj
LOAD CMakeFiles/slc.dir/base/home/tuya/.silabs/slt/installs/conan/p/simpl965e19baece23/p/platform_core/platform/service/memory_manager/src/sl_memory_manager.c.obj
LOAD CMakeFiles/slc.dir/base/home/tuya/.silabs/slt/installs/conan/p/simpl965e19baece23/p/platform_core/platform/service/memory_manager/src/sl_memory_manager_dynamic_reservation.c.obj
LOAD CMakeFiles/slc.dir/base/home/tuya/.silabs/slt/installs/conan/p/simpl965e19baece23/p/platform_core/platform/service/memory_manager/src/sl_memory_manager_pool.c.obj
LOAD CMakeFiles/slc.dir/base/home/tuya/.silabs/slt/installs/conan/p/simpl965e19baece23/p/platform_core/platform/service/memory_manager/src/sl_memory_manager_pool_common.c.obj
LOAD CMakeFiles/slc.dir/base/home/tuya/.silabs/slt/installs/conan/p/simpl965e19baece23/p/platform_core/platform/service/memory_manager/src/sl_memory_manager_region.c.obj
LOAD CMakeFiles/slc.dir/base/home/tuya/.silabs/slt/installs/conan/p/simpl965e19baece23/p/platform_core/platform/service/memory_manager/src/sl_memory_manager_retarget.c.obj
LOAD CMakeFiles/slc.dir/base/home/tuya/.silabs/slt/installs/conan/p/simpl965e19baece23/p/platform_core/platform/service/memory_manager/src/sli_memory_manager_common.c.obj
LOAD CMakeFiles/slc.dir/base/home/tuya/.silabs/slt/installs/conan/p/simpl965e19baece23/p/platform_core/platform/service/sl_main/src/rtos/main_retarget.c.obj
LOAD CMakeFiles/slc.dir/base/home/tuya/.silabs/slt/installs/conan/p/simpl965e19baece23/p/platform_core/platform/service/sl_main/src/sl_main_init.c.obj
LOAD CMakeFiles/slc.dir/base/home/tuya/.silabs/slt/installs/conan/p/simpl965e19baece23/p/platform_core/platform/service/sl_main/src/sl_main_init_memory.c.obj
LOAD CMakeFiles/slc.dir/base/home/tuya/.silabs/slt/installs/conan/p/simpl965e19baece23/p/platform_core/platform/service/sl_main/src/sl_main_kernel.c.obj
LOAD CMakeFiles/slc.dir/base/home/tuya/.silabs/slt/installs/conan/p/simpl965e19baece23/p/platform_core/platform/service/sleeptimer/src/sl_sleeptimer.c.obj
LOAD CMakeFiles/slc.dir/base/home/tuya/.silabs/slt/installs/conan/p/simpl965e19baece23/p/platform_core/platform/service/sleeptimer/src/sl_sleeptimer_hal_burtc.c.obj
LOAD CMakeFiles/slc.dir/base/home/tuya/.silabs/slt/installs/conan/p/simpl965e19baece23/p/platform_core/platform/service/sleeptimer/src/sl_sleeptimer_hal_sysrtc.c.obj
LOAD CMakeFiles/slc.dir/base/home/tuya/.silabs/slt/installs/conan/p/simpl965e19baece23/p/platform_core/platform/service/sleeptimer/src/sl_sleeptimer_hal_timer.c.obj
LOAD CMakeFiles/slc.dir/base/home/tuya/.silabs/slt/installs/conan/p/simpl965e19baece23/p/platform_core/platform/service/token_manager/src/sl_token_manager_api.c.obj
LOAD CMakeFiles/slc.dir/base/home/tuya/.silabs/slt/installs/conan/p/simpl965e19baece23/p/platform_core/platform/service/token_manager/src/sl_token_manager_lock.c.obj
LOAD CMakeFiles/slc.dir/base/home/tuya/.silabs/slt/installs/conan/p/simpl965e19baece23/p/platform_core/platform/service/token_manager/src/sli_token_manager_backend_nvm.c.obj
LOAD CMakeFiles/slc.dir/base/home/tuya/.silabs/slt/installs/conan/p/simpl965e19baece23/p/platform_core/platform/service/token_manager/src/sli_token_manager_backend_ram.c.obj
LOAD CMakeFiles/slc.dir/base/home/tuya/.silabs/slt/installs/conan/p/simpl965e19baece23/p/platform_core/platform/service/token_manager/src/sli_token_manager_format_klv.c.obj
LOAD CMakeFiles/slc.dir/base/home/tuya/.silabs/slt/installs/conan/p/simpl965e19baece23/p/platform_core/platform/service/token_manager/src/sli_token_manager_hal_crypto_se.c.obj
LOAD CMakeFiles/slc.dir/base/home/tuya/.silabs/slt/installs/conan/p/simpl965e19baece23/p/platform_core/platform/service/token_manager/src/sli_token_manager_hal_ext_flash.c.obj
LOAD CMakeFiles/slc.dir/base/home/tuya/.silabs/slt/installs/conan/p/simpl965e19baece23/p/platform_core/platform/service/token_manager/src/sli_token_manager_hal_se_mtp.c.obj
LOAD CMakeFiles/slc.dir/base/home/tuya/.silabs/slt/installs/conan/p/simpl965e19baece23/p/platform_core/platform/service/token_manager/src/sli_token_manager_internal.c.obj
LOAD CMakeFiles/slc.dir/base/home/tuya/.silabs/slt/installs/conan/p/simpl965e19baece23/p/platform_core/platform/service/token_manager/src/sli_token_manager_manufacturing.c.obj
LOAD CMakeFiles/slc.dir/base/home/tuya/.silabs/slt/installs/conan/p/simpl965e19baece23/p/security_mbedtls/platform/security/sl_component/sli_crypto/src/sli_crypto_ksu_manager.c.obj
LOAD CMakeFiles/slc.dir/base/home/tuya/.silabs/slt/installs/conan/p/simpl965e19baece23/p/security_se_manager/platform/security/sl_component/se_manager/src/sl_se_manager.c.obj
LOAD CMakeFiles/slc.dir/base/home/tuya/.silabs/slt/installs/conan/p/simpl965e19baece23/p/security_se_manager/platform/security/sl_component/se_manager/src/sl_se_manager_attestation.c.obj
LOAD CMakeFiles/slc.dir/base/home/tuya/.silabs/slt/installs/conan/p/simpl965e19baece23/p/security_se_manager/platform/security/sl_component/se_manager/src/sl_se_manager_cipher.c.obj
LOAD CMakeFiles/slc.dir/base/home/tuya/.silabs/slt/installs/conan/p/simpl965e19baece23/p/security_se_manager/platform/security/sl_component/se_manager/src/sl_se_manager_entropy.c.obj
LOAD CMakeFiles/slc.dir/base/home/tuya/.silabs/slt/installs/conan/p/simpl965e19baece23/p/security_se_manager/platform/security/sl_component/se_manager/src/sl_se_manager_extmem.c.obj
LOAD CMakeFiles/slc.dir/base/home/tuya/.silabs/slt/installs/conan/p/simpl965e19baece23/p/security_se_manager/platform/security/sl_component/se_manager/src/sl_se_manager_hash.c.obj
LOAD CMakeFiles/slc.dir/base/home/tuya/.silabs/slt/installs/conan/p/simpl965e19baece23/p/security_se_manager/platform/security/sl_component/se_manager/src/sl_se_manager_key_derivation.c.obj
LOAD CMakeFiles/slc.dir/base/home/tuya/.silabs/slt/installs/conan/p/simpl965e19baece23/p/security_se_manager/platform/security/sl_component/se_manager/src/sl_se_manager_key_handling.c.obj
LOAD CMakeFiles/slc.dir/base/home/tuya/.silabs/slt/installs/conan/p/simpl965e19baece23/p/security_se_manager/platform/security/sl_component/se_manager/src/sl_se_manager_signature.c.obj
LOAD CMakeFiles/slc.dir/base/home/tuya/.silabs/slt/installs/conan/p/simpl965e19baece23/p/security_se_manager/platform/security/sl_component/se_manager/src/sl_se_manager_util.c.obj
LOAD CMakeFiles/slc.dir/base/home/tuya/.silabs/slt/installs/conan/p/simpl965e19baece23/p/security_se_manager/platform/security/sl_component/se_manager/src/sli_se_manager_device_data.c.obj
LOAD CMakeFiles/slc.dir/base/home/tuya/.silabs/slt/installs/conan/p/simpl965e19baece23/p/security_se_manager/platform/security/sl_component/se_manager/src/sli_se_manager_mailbox.c.obj
LOAD CMakeFiles/slc.dir/base/home/tuya/.silabs/slt/installs/conan/p/simpl965e19baece23/p/security_se_manager/platform/security/sl_component/sli_psec_osal/src/sli_psec_osal_cmsis_rtos2.c.obj
LOAD CMakeFiles/slc.dir/base/home/tuya/.silabs/slt/installs/conan/p/simpl965e19baece23/p/security_sxsymcrypt/src/aead.c.obj
LOAD CMakeFiles/slc.dir/base/home/tuya/.silabs/slt/installs/conan/p/simpl965e19baece23/p/security_sxsymcrypt/src/blkcipher.c.obj
LOAD CMakeFiles/slc.dir/base/home/tuya/.silabs/slt/installs/conan/p/simpl965e19baece23/p/security_sxsymcrypt/src/channel.c.obj
LOAD CMakeFiles/slc.dir/base/home/tuya/.silabs/slt/installs/conan/p/simpl965e19baece23/p/security_sxsymcrypt/src/cmac.c.obj
LOAD CMakeFiles/slc.dir/base/home/tuya/.silabs/slt/installs/conan/p/simpl965e19baece23/p/security_sxsymcrypt/src/cmdma.c.obj
LOAD CMakeFiles/slc.dir/base/home/tuya/.silabs/slt/installs/conan/p/simpl965e19baece23/p/security_sxsymcrypt/src/cmmask.c.obj
LOAD CMakeFiles/slc.dir/base/home/tuya/.silabs/slt/installs/conan/p/simpl965e19baece23/p/security_sxsymcrypt/src/hash.c.obj
LOAD CMakeFiles/slc.dir/base/home/tuya/.silabs/slt/installs/conan/p/simpl965e19baece23/p/security_sxsymcrypt/src/hmac.c.obj
LOAD CMakeFiles/slc.dir/base/home/tuya/.silabs/slt/installs/conan/p/simpl965e19baece23/p/security_sxsymcrypt/src/interrupts.c.obj
LOAD CMakeFiles/slc.dir/base/home/tuya/.silabs/slt/installs/conan/p/simpl965e19baece23/p/security_sxsymcrypt/src/keyref.c.obj
LOAD CMakeFiles/slc.dir/base/home/tuya/.silabs/slt/installs/conan/p/simpl965e19baece23/p/security_sxsymcrypt/src/mac.c.obj
LOAD CMakeFiles/slc.dir/base/home/tuya/.silabs/slt/installs/conan/p/simpl965e19baece23/p/security_sxsymcrypt/src/platform/silicon_labs/sli_sxsymcrypt_engine_management.c.obj
LOAD CMakeFiles/slc.dir/base/home/tuya/.silabs/slt/installs/conan/p/simpl965e19baece23/p/security_sxsymcrypt/src/platform/silicon_labs/sli_sxsymcrypt_hardware_interaction.c.obj
LOAD CMakeFiles/slc.dir/base/home/tuya/SimplicityStudio/MG301_Board/blink_kernel_freertos_s3/app.c.obj
LOAD CMakeFiles/slc.dir/base/home/tuya/SimplicityStudio/MG301_Board/blink_kernel_freertos_s3/autogen/sl_board_default_init.c.obj
LOAD CMakeFiles/slc.dir/base/home/tuya/SimplicityStudio/MG301_Board/blink_kernel_freertos_s3/autogen/sl_event_handler.c.obj
LOAD CMakeFiles/slc.dir/base/home/tuya/SimplicityStudio/MG301_Board/blink_kernel_freertos_s3/autogen/sl_simple_led_instances.c.obj
LOAD CMakeFiles/slc.dir/base/home/tuya/SimplicityStudio/MG301_Board/blink_kernel_freertos_s3/blink.c.obj
LOAD CMakeFiles/slc.dir/base/home/tuya/SimplicityStudio/MG301_Board/blink_kernel_freertos_s3/main.c.obj
START GROUP
LOAD /home/tuya/.silabs/slt/installs/conan/p/gcc-a442105b5c2637/p/bin/../lib/gcc/arm-none-eabi/12.2.1/thumb/v8-m.main+fp/hard/libgcc.a
LOAD /home/tuya/.silabs/slt/installs/conan/p/gcc-a442105b5c2637/p/bin/../lib/gcc/arm-none-eabi/12.2.1/../../../../arm-none-eabi/lib/thumb/v8-m.main+fp/hard/libc_nano.a
LOAD /home/tuya/.silabs/slt/installs/conan/p/gcc-a442105b5c2637/p/bin/../lib/gcc/arm-none-eabi/12.2.1/../../../../arm-none-eabi/lib/thumb/v8-m.main+fp/hard/libm.a
LOAD /home/tuya/.silabs/slt/installs/conan/p/gcc-a442105b5c2637/p/bin/../lib/gcc/arm-none-eabi/12.2.1/../../../../arm-none-eabi/lib/thumb/v8-m.main+fp/hard/libnosys.a
END GROUP
START GROUP
LOAD /home/tuya/.silabs/slt/installs/conan/p/gcc-a442105b5c2637/p/bin/../lib/gcc/arm-none-eabi/12.2.1/thumb/v8-m.main+fp/hard/libgcc.a
LOAD /home/tuya/.silabs/slt/installs/conan/p/gcc-a442105b5c2637/p/bin/../lib/gcc/arm-none-eabi/12.2.1/../../../../arm-none-eabi/lib/thumb/v8-m.main+fp/hard/libc_nano.a
END GROUP
START GROUP
LOAD /home/tuya/.silabs/slt/installs/conan/p/gcc-a442105b5c2637/p/bin/../lib/gcc/arm-none-eabi/12.2.1/thumb/v8-m.main+fp/hard/libgcc.a
LOAD /home/tuya/.silabs/slt/installs/conan/p/gcc-a442105b5c2637/p/bin/../lib/gcc/arm-none-eabi/12.2.1/../../../../arm-none-eabi/lib/thumb/v8-m.main+fp/hard/libc_nano.a
END GROUP
LOAD /home/tuya/.silabs/slt/installs/conan/p/gcc-a442105b5c2637/p/bin/../lib/gcc/arm-none-eabi/12.2.1/thumb/v8-m.main+fp/hard/crtend.o
LOAD /home/tuya/.silabs/slt/installs/conan/p/gcc-a442105b5c2637/p/bin/../lib/gcc/arm-none-eabi/12.2.1/thumb/v8-m.main+fp/hard/crtn.o
                0x0000000000391000                __flash_size__ = 0x391000
                0x0000000000001000                __flash_page_size__ = 0x1000
                0x0000000000008000                __mspu_region_size__ = 0x8000

.secure_app     0x0000000001000000     0x8000
                0x0000000001000000                __Secure_Vectors = .
 *(.secure_vectors)
 .secure_vectors
                0x0000000001000000       0x40 CMakeFiles/slc.dir/base/home/tuya/.silabs/slt/installs/conan/p/simpl965e19baece23/p/platform_core/platform/common/src/sl_tz_non_secure_execution.c.obj
                0x0000000001000000                sli_tz_secure_vectors
 *(.secure_config_data)
 .secure_config_data
                0x0000000001000040        0xc CMakeFiles/slc.dir/base/home/tuya/.silabs/slt/installs/conan/p/simpl965e19baece23/p/platform_core/platform/common/src/sl_tz_non_secure_execution.c.obj
                0x0000000001000040                sl_tz_secure_config_data
                0x000000000100004c                __Secure_Reset_Handler = .
 *(.secure_reset_handler)
 .secure_reset_handler
                0x000000000100004c      0x1b0 CMakeFiles/slc.dir/base/home/tuya/.silabs/slt/installs/conan/p/simpl965e19baece23/p/platform_core/platform/common/src/sl_tz_non_secure_execution.c.obj
                0x000000000100004c                sli_tz_secure_reset_handler
 *(.secure_fault_handler)
 .secure_fault_handler
                0x00000000010001fc        0x2 CMakeFiles/slc.dir/base/home/tuya/.silabs/slt/installs/conan/p/simpl965e19baece23/p/platform_core/platform/common/src/sl_tz_non_secure_execution.c.obj
                0x00000000010001fc                sli_tz_secure_fault_handler
                0x0000000001008000                . = ALIGN (__mspu_region_size__)
 *fill*         0x00000000010001fe     0x7e02 

.vectors        0x0000000001008000      0x1a8
                0x0000000001008000                linker_vectors_begin = .
 *(.vectors)
 .vectors       0x0000000001008000      0x1a8 CMakeFiles/slc.dir/base/home/tuya/.silabs/slt/installs/conan/p/simpl965e19baece23/p/devices/platform/Device/SiliconLabs/SIMG301/Source/startup_simg301.c.obj
                0x0000000001008000                __Vectors
                0x00000000010081a8                linker_vectors_end = .
                0x00000000010081a8                __Vectors_End = .
                0x00000000010081a8                __Vectors_Size = (__Vectors_End - __Vectors)

text_ram        0x0000000000800000     0x3608 load address 0x00000000010081a8
                0x0000000000800000                . = ALIGN (0x4)
                0x0000000000800000                __vma_ramfuncs_start__ = .
 *(text_application_ram)
                0x0000000000800000                . = ALIGN (0x4)
                0x0000000000800000                __text_system_ram_start__ = .
 *(text_system_*timecritical*)
 text_system_timecritical19239
                0x0000000000800000        0xc CMakeFiles/slc.dir/base/home/tuya/.silabs/slt/installs/conan/p/simpl965e19baece23/p/devices/platform/Device/SiliconLabs/SIMG301/Source/system_simg301.c.obj
                0x0000000000800000                SystemHFRCODPLLClockGet
 text_system_timecritical20242
                0x000000000080000c       0x48 CMakeFiles/slc.dir/base/home/tuya/.silabs/slt/installs/conan/p/simpl965e19baece23/p/devices/platform/Device/SiliconLabs/SIMG301/Source/system_simg301.c.obj
                0x000000000080000c                SystemSYSCLKGet
 text_system_timecritical16195
                0x0000000000800054       0x24 CMakeFiles/slc.dir/base/home/tuya/.silabs/slt/installs/conan/p/simpl965e19baece23/p/devices/platform/Device/SiliconLabs/SIMG301/Source/system_simg301.c.obj
                0x0000000000800054                SystemHCLKGet
 text_system_timecritical22246
                0x0000000000800078        0x8 CMakeFiles/slc.dir/base/home/tuya/.silabs/slt/installs/conan/p/simpl965e19baece23/p/devices/platform/Device/SiliconLabs/SIMG301/Source/system_simg301.c.obj
                0x0000000000800078                SystemFSRCOClockGet
 text_system_timecritical23248
                0x0000000000800080        0xc CMakeFiles/slc.dir/base/home/tuya/.silabs/slt/installs/conan/p/simpl965e19baece23/p/devices/platform/Device/SiliconLabs/SIMG301/Source/system_simg301.c.obj
                0x0000000000800080                SystemHFXOClockGet
 text_system_timecritical24251
                0x000000000080008c        0x8 CMakeFiles/slc.dir/base/home/tuya/.silabs/slt/installs/conan/p/simpl965e19baece23/p/devices/platform/Device/SiliconLabs/SIMG301/Source/system_simg301.c.obj
                0x000000000080008c                SystemCLKIN0Get
 text_system_timecritical25253
                0x0000000000800094       0x34 CMakeFiles/slc.dir/base/home/tuya/.silabs/slt/installs/conan/p/simpl965e19baece23/p/devices/platform/Device/SiliconLabs/SIMG301/Source/system_simg301.c.obj
                0x0000000000800094                SystemHFRCOEM23ClockGet
 text_system_timecritical26255
                0x00000000008000c8        0xc CMakeFiles/slc.dir/base/home/tuya/.silabs/slt/installs/conan/p/simpl965e19baece23/p/devices/platform/Device/SiliconLabs/SIMG301/Source/system_simg301.c.obj
                0x00000000008000c8                SystemLFXOClockGet
 text_system_timecritical27258
                0x00000000008000d4        0x6 CMakeFiles/slc.dir/base/home/tuya/.silabs/slt/installs/conan/p/simpl965e19baece23/p/devices/platform/Device/SiliconLabs/SIMG301/Source/system_simg301.c.obj
                0x00000000008000d4                SystemLFRCOClockGet
 text_system_timecritical28260
                0x00000000008000da        0x6 CMakeFiles/slc.dir/base/home/tuya/.silabs/slt/installs/conan/p/simpl965e19baece23/p/devices/platform/Device/SiliconLabs/SIMG301/Source/system_simg301.c.obj
                0x00000000008000da                SystemULFRCOClockGet
                0x00000000008000e0                . = ALIGN (0x4)
                0x00000000008000e0                __text_system_ram_end__ = .
                0x00000000008000e0                __text_clock_manager_ram_start__ = .
 *(text_clock_manager_*timecritical*)
 text_clock_manager_timecritical1352
                0x00000000008000e0        0xa CMakeFiles/slc.dir/base/home/tuya/.silabs/slt/installs/conan/p/simpl965e19baece23/p/platform_core/platform/service/clock_manager/src/sl_clock_manager.c.obj
                0x00000000008000e0                sl_clock_manager_get_clock_branch_frequency
 text_clock_manager_timecritical2380
                0x00000000008000ea        0x6 CMakeFiles/slc.dir/base/home/tuya/.silabs/slt/installs/conan/p/simpl965e19baece23/p/platform_core/platform/service/clock_manager/src/sl_clock_manager.c.obj
                0x00000000008000ea                sl_clock_manager_enable_bus_clock
 text_clock_manager_timecritical3394
                0x00000000008000f0        0x6 CMakeFiles/slc.dir/base/home/tuya/.silabs/slt/installs/conan/p/simpl965e19baece23/p/platform_core/platform/service/clock_manager/src/sl_clock_manager.c.obj
                0x00000000008000f0                sl_clock_manager_disable_bus_clock
 *fill*         0x00000000008000f6        0x2 
 text_clock_manager_timecritical3961
                0x00000000008000f8      0x2d4 CMakeFiles/slc.dir/base/home/tuya/.silabs/slt/installs/conan/p/simpl965e19baece23/p/platform_core/platform/service/clock_manager/src/sl_clock_manager_hal_s3.c.obj
                0x00000000008000f8                sli_clock_manager_hal_get_clock_branch_frequency
 text_clock_manager_timecritical4074
                0x00000000008003cc       0x60 CMakeFiles/slc.dir/base/home/tuya/.silabs/slt/installs/conan/p/simpl965e19baece23/p/platform_core/platform/service/clock_manager/src/sl_clock_manager_hal_s3.c.obj
                0x00000000008003cc                sli_clock_manager_hal_enable_bus_clock
 text_clock_manager_timecritical43191
                0x000000000080042c       0x6c CMakeFiles/slc.dir/base/home/tuya/.silabs/slt/installs/conan/p/simpl965e19baece23/p/platform_core/platform/service/clock_manager/src/sl_clock_manager_hal_s3.c.obj
                0x000000000080042c                sli_clock_manager_hal_set_ext_flash_clk
                0x0000000000800498                . = ALIGN (0x4)
                0x0000000000800498                __text_clock_manager_ram_end__ = .
                0x0000000000800498                __text_device_peripheral_ram_start__ = .
 *(text_device_peripheral_*timecritical*)
                0x0000000000800498                . = ALIGN (0x4)
                0x0000000000800498                __text_device_peripheral_ram_end__ = .
                0x0000000000800498                __text_gpio_ram_start__ = .
 *(text_gpio_*timecritical*)
 text_gpio_timecritical40190
                0x0000000000800498       0x4c CMakeFiles/slc.dir/base/home/tuya/.silabs/slt/installs/conan/p/simpl965e19baece23/p/platform_core/platform/driver/gpio/src/sl_gpio.c.obj
                0x0000000000800498                sl_gpio_toggle_pin
                0x00000000008004e4                . = ALIGN (0x4)
                0x00000000008004e4                __text_gpio_ram_end__ = .
                0x00000000008004e4                __text_hal_common_ram_start__ = .
 *(text_hal_common_*timecritical*)
                0x00000000008004e4                . = ALIGN (0x4)
                0x00000000008004e4                __text_hal_common_ram_end__ = .
                0x00000000008004e4                __text_hal_gpio_ram_start__ = .
 *(text_hal_gpio_*timecritical*)
 text_hal_gpio_timecritical30429
                0x00000000008004e4       0x58 CMakeFiles/slc.dir/base/home/tuya/.silabs/slt/installs/conan/p/simpl965e19baece23/p/platform_core/platform/peripheral/src/sl_hal_gpio.c.obj
                0x00000000008004e4                sl_hal_gpio_set_pin
 text_hal_gpio_timecritical31660
                0x000000000080053c       0x58 CMakeFiles/slc.dir/base/home/tuya/.silabs/slt/installs/conan/p/simpl965e19baece23/p/platform_core/platform/peripheral/src/sl_hal_gpio.c.obj
                0x000000000080053c                sl_hal_gpio_toggle_pin
                0x0000000000800594                . = ALIGN (0x4)
                0x0000000000800594                __text_hal_gpio_ram_end__ = .
                0x0000000000800594                __text_hal_sysrtc_ram_start__ = .
 *(text_hal_sysrtc_*timecritical*)
 text_hal_sysrtc_timecritical30219
                0x0000000000800594       0x12 CMakeFiles/slc.dir/base/home/tuya/.silabs/slt/installs/conan/p/simpl965e19baece23/p/platform_core/platform/peripheral/src/sl_hal_sysrtc_subsystem.c.obj
                0x0000000000800594                sl_hal_sysrtc_wait_sync
 *fill*         0x00000000008005a6        0x2 
 text_hal_sysrtc_timecritical32269
                0x00000000008005a8       0x20 CMakeFiles/slc.dir/base/home/tuya/.silabs/slt/installs/conan/p/simpl965e19baece23/p/platform_core/platform/peripheral/src/sl_hal_sysrtc_subsystem.c.obj
                0x00000000008005a8                sl_hal_sysrtc_wait_sync_group
 text_hal_sysrtc_timecritical33302
                0x00000000008005c8       0x1c CMakeFiles/slc.dir/base/home/tuya/.silabs/slt/installs/conan/p/simpl965e19baece23/p/platform_core/platform/peripheral/src/sl_hal_sysrtc_subsystem.c.obj
                0x00000000008005c8                sl_hal_sysrtc_enable_group_interrupts
 text_hal_sysrtc_timecritical34318
                0x00000000008005e4       0x1c CMakeFiles/slc.dir/base/home/tuya/.silabs/slt/installs/conan/p/simpl965e19baece23/p/platform_core/platform/peripheral/src/sl_hal_sysrtc_subsystem.c.obj
                0x00000000008005e4                sl_hal_sysrtc_disable_group_interrupts
 text_hal_sysrtc_timecritical35334
                0x0000000000800600       0x1c CMakeFiles/slc.dir/base/home/tuya/.silabs/slt/installs/conan/p/simpl965e19baece23/p/platform_core/platform/peripheral/src/sl_hal_sysrtc_subsystem.c.obj
                0x0000000000800600                sl_hal_sysrtc_clear_group_interrupts
 text_hal_sysrtc_timecritical36353
                0x000000000080061c       0x20 CMakeFiles/slc.dir/base/home/tuya/.silabs/slt/installs/conan/p/simpl965e19baece23/p/platform_core/platform/peripheral/src/sl_hal_sysrtc_subsystem.c.obj
                0x000000000080061c                sl_hal_sysrtc_get_group_interrupts
 text_hal_sysrtc_timecritical37402
                0x000000000080063c       0x26 CMakeFiles/slc.dir/base/home/tuya/.silabs/slt/installs/conan/p/simpl965e19baece23/p/platform_core/platform/peripheral/src/sl_hal_sysrtc_subsystem.c.obj
                0x000000000080063c                sl_hal_sysrtc_get_group_compare_channel_value
 text_hal_sysrtc_timecritical38419
                0x0000000000800662       0x26 CMakeFiles/slc.dir/base/home/tuya/.silabs/slt/installs/conan/p/simpl965e19baece23/p/platform_core/platform/peripheral/src/sl_hal_sysrtc_subsystem.c.obj
                0x0000000000800662                sl_hal_sysrtc_set_group_compare_channel_value
                0x0000000000800688                . = ALIGN (0x4)
                0x0000000000800688                __text_hal_sysrtc_ram_end__ = .
                0x0000000000800688                __text_interrupt_manager_ram_start__ = .
 *(text_interrupt_manager_*timecritical*)
                0x0000000000800688                . = ALIGN (0x4)
                0x0000000000800688                __text_interrupt_manager_ram_end__ = .
                0x0000000000800688                __text_memory_manager_ram_start__ = .
 *(text_memory_manager_*timecritical*)
 text_memory_manager_timecritical30462
                0x0000000000800688       0x20 CMakeFiles/slc.dir/base/home/tuya/.silabs/slt/installs/conan/p/simpl965e19baece23/p/platform_core/platform/service/memory_manager/src/sli_memory_manager_common.c.obj
                0x0000000000800688                sli_memory_get_heap_handle
                0x00000000008006a8                . = ALIGN (0x4)
                0x00000000008006a8                __text_memory_manager_ram_end__ = .
                0x00000000008006a8                __text_se_manager_ram_start__ = .
 *(text_se_manager_*timecritical*)
 text_se_manager_timecritical54130
                0x00000000008006a8       0x58 CMakeFiles/slc.dir/base/home/tuya/.silabs/slt/installs/conan/p/simpl965e19baece23/p/security_se_manager/platform/security/sl_component/se_manager/src/sl_se_manager.c.obj
 text_se_manager_timecritical34149
                0x0000000000800700       0x78 CMakeFiles/slc.dir/base/home/tuya/.silabs/slt/installs/conan/p/simpl965e19baece23/p/security_se_manager/platform/security/sl_component/se_manager/src/sl_se_manager.c.obj
                0x0000000000800700                sli_se_to_sl_status
 text_se_manager_timecritical35160
                0x0000000000800778       0x24 CMakeFiles/slc.dir/base/home/tuya/.silabs/slt/installs/conan/p/simpl965e19baece23/p/security_se_manager/platform/security/sl_component/se_manager/src/sl_se_manager.c.obj
                0x0000000000800778                sli_se_lock_acquire
 text_se_manager_timecritical36171
                0x000000000080079c       0x18 CMakeFiles/slc.dir/base/home/tuya/.silabs/slt/installs/conan/p/simpl965e19baece23/p/security_se_manager/platform/security/sl_component/se_manager/src/sl_se_manager.c.obj
                0x000000000080079c                sli_se_lock_release
 text_se_manager_timecritical37184
                0x00000000008007b4       0xc4 CMakeFiles/slc.dir/base/home/tuya/.silabs/slt/installs/conan/p/simpl965e19baece23/p/security_se_manager/platform/security/sl_component/se_manager/src/sl_se_manager.c.obj
                0x00000000008007b4                sli_se_execute_and_wait
 text_se_manager_timecritical55600
                0x0000000000800878       0x14 CMakeFiles/slc.dir/base/home/tuya/.silabs/slt/installs/conan/p/simpl965e19baece23/p/security_se_manager/platform/security/sl_component/se_manager/src/sl_se_manager.c.obj
                0x0000000000800878                sl_se_init_command_context
 text_se_manager_timecritical5366
                0x000000000080088c       0x16 CMakeFiles/slc.dir/base/home/tuya/.silabs/slt/installs/conan/p/simpl965e19baece23/p/security_se_manager/platform/security/sl_component/se_manager/src/sl_se_manager_extmem.c.obj
 *fill*         0x00000000008008a2        0x2 
 text_se_manager_timecritical37604
                0x00000000008008a4       0x34 CMakeFiles/slc.dir/base/home/tuya/.silabs/slt/installs/conan/p/simpl965e19baece23/p/security_se_manager/platform/security/sl_component/se_manager/src/sl_se_manager_extmem.c.obj
                0x00000000008008a4                sl_se_data_region_erase
 text_se_manager_timecritical46819
                0x00000000008008d8       0x36 CMakeFiles/slc.dir/base/home/tuya/.silabs/slt/installs/conan/p/simpl965e19baece23/p/security_se_manager/platform/security/sl_component/se_manager/src/sl_se_manager_extmem.c.obj
                0x00000000008008d8                sli_se_qspi_configure_clock_fsrco
 *fill*         0x000000000080090e        0x2 
 text_se_manager_timecritical47864
                0x0000000000800910       0xa8 CMakeFiles/slc.dir/base/home/tuya/.silabs/slt/installs/conan/p/simpl965e19baece23/p/security_se_manager/platform/security/sl_component/se_manager/src/sl_se_manager_extmem.c.obj
                0x0000000000800910                sli_se_qspi_configure_clock_flpll
 text_se_manager_timecritical34380
                0x00000000008009b8       0x4c CMakeFiles/slc.dir/base/home/tuya/.silabs/slt/installs/conan/p/simpl965e19baece23/p/security_se_manager/platform/security/sl_component/se_manager/src/sl_se_manager_util.c.obj
                0x00000000008009b8                sl_se_get_se_version
 text_se_manager_timecritical30494
                0x0000000000800a04       0x20 CMakeFiles/slc.dir/base/home/tuya/.silabs/slt/installs/conan/p/simpl965e19baece23/p/security_se_manager/platform/security/sl_component/se_manager/src/sli_se_manager_mailbox.c.obj
                0x0000000000800a04                sli_se_mailbox_command_add_parameter
 text_se_manager_timecritical31511
                0x0000000000800a24       0x4c CMakeFiles/slc.dir/base/home/tuya/.silabs/slt/installs/conan/p/simpl965e19baece23/p/security_se_manager/platform/security/sl_component/se_manager/src/sli_se_manager_mailbox.c.obj
                0x0000000000800a24                sli_se_mailbox_execute_command
 text_se_manager_timecritical35224
                0x0000000000800a70       0x14 CMakeFiles/slc.dir/base/home/tuya/.silabs/slt/installs/conan/p/simpl965e19baece23/p/security_se_manager/platform/security/sl_component/se_manager/src/sli_se_manager_mailbox.c.obj
                0x0000000000800a70                sli_se_mailbox_command_add_output
                0x0000000000800a84                . = ALIGN (0x4)
                0x0000000000800a84                __text_se_manager_ram_end__ = .
                0x0000000000800a84                __text_core_ram_start__ = .
 *(text_core_*timecritical*)
 text_core_timecritical2307
                0x0000000000800a84        0xa CMakeFiles/slc.dir/base/home/tuya/.silabs/slt/installs/conan/p/simpl965e19baece23/p/platform_core/platform/common/src/sl_core_cortexm.c.obj
                0x0000000000800a84                CORE_ExitCritical
 text_core_timecritical4331
                0x0000000000800a8e        0x8 CMakeFiles/slc.dir/base/home/tuya/.silabs/slt/installs/conan/p/simpl965e19baece23/p/platform_core/platform/common/src/sl_core_cortexm.c.obj
                0x0000000000800a8e                CORE_EnterCritical
 text_core_timecritical7363
                0x0000000000800a96        0xa CMakeFiles/slc.dir/base/home/tuya/.silabs/slt/installs/conan/p/simpl965e19baece23/p/platform_core/platform/common/src/sl_core_cortexm.c.obj
                0x0000000000800a96                CORE_ExitAtomic
 text_core_timecritical9387
                0x0000000000800aa0        0xc CMakeFiles/slc.dir/base/home/tuya/.silabs/slt/installs/conan/p/simpl965e19baece23/p/platform_core/platform/common/src/sl_core_cortexm.c.obj
                0x0000000000800aa0                CORE_EnterAtomic
 text_core_timecritical11408
                0x0000000000800aac       0x1a CMakeFiles/slc.dir/base/home/tuya/.silabs/slt/installs/conan/p/simpl965e19baece23/p/platform_core/platform/common/src/sl_core_cortexm.c.obj
                0x0000000000800aac                CORE_IrqIsDisabled
                0x0000000000800ac8                . = ALIGN (0x4)
 *fill*         0x0000000000800ac6        0x2 
                0x0000000000800ac8                __text_core_ram_end__ = .
                0x0000000000800ac8                __text_sleeptimer_ram_start__ = .
 *(text_sleeptimer_*timecritical*)
 text_sleeptimer_timecritical68121
                0x0000000000800ac8       0x40 CMakeFiles/slc.dir/base/home/tuya/.silabs/slt/installs/conan/p/simpl965e19baece23/p/platform_core/platform/service/sleeptimer/src/sl_sleeptimer.c.obj
 text_sleeptimer_timecritical69125
                0x0000000000800b08       0x3c CMakeFiles/slc.dir/base/home/tuya/.silabs/slt/installs/conan/p/simpl965e19baece23/p/platform_core/platform/service/sleeptimer/src/sl_sleeptimer.c.obj
 text_sleeptimer_timecritical71131
                0x0000000000800b44       0x34 CMakeFiles/slc.dir/base/home/tuya/.silabs/slt/installs/conan/p/simpl965e19baece23/p/platform_core/platform/service/sleeptimer/src/sl_sleeptimer.c.obj
 text_sleeptimer_timecritical70128
                0x0000000000800b78       0x64 CMakeFiles/slc.dir/base/home/tuya/.silabs/slt/installs/conan/p/simpl965e19baece23/p/platform_core/platform/service/sleeptimer/src/sl_sleeptimer.c.obj
 text_sleeptimer_timecritical67151
                0x0000000000800bdc      0x148 CMakeFiles/slc.dir/base/home/tuya/.silabs/slt/installs/conan/p/simpl965e19baece23/p/platform_core/platform/service/sleeptimer/src/sl_sleeptimer.c.obj
                0x0000000000800bdc                process_timer_irq
 text_sleeptimer_timecritical6654
                0x0000000000800d24        0xe CMakeFiles/slc.dir/base/home/tuya/.silabs/slt/installs/conan/p/simpl965e19baece23/p/platform_core/platform/service/sleeptimer/src/sl_sleeptimer_hal_sysrtc.c.obj
                0x0000000000800d24                sleeptimer_hal_get_counter
 text_sleeptimer_timecritical6762
                0x0000000000800d32        0x8 CMakeFiles/slc.dir/base/home/tuya/.silabs/slt/installs/conan/p/simpl965e19baece23/p/platform_core/platform/service/sleeptimer/src/sl_sleeptimer_hal_sysrtc.c.obj
                0x0000000000800d32                sleeptimer_hal_get_compare
 *fill*         0x0000000000800d3a        0x2 
 text_sleeptimer_timecritical7085
                0x0000000000800d3c       0x18 CMakeFiles/slc.dir/base/home/tuya/.silabs/slt/installs/conan/p/simpl965e19baece23/p/platform_core/platform/service/sleeptimer/src/sl_sleeptimer_hal_sysrtc.c.obj
                0x0000000000800d3c                sleeptimer_hal_get_timer_frequency
 text_sleeptimer_timecritical7193
                0x0000000000800d54       0x12 CMakeFiles/slc.dir/base/home/tuya/.silabs/slt/installs/conan/p/simpl965e19baece23/p/platform_core/platform/service/sleeptimer/src/sl_sleeptimer_hal_sysrtc.c.obj
                0x0000000000800d54                sleeptimer_hal_enable_int
 *fill*         0x0000000000800d66        0x2 
 text_sleeptimer_timecritical6870
                0x0000000000800d68       0x70 CMakeFiles/slc.dir/base/home/tuya/.silabs/slt/installs/conan/p/simpl965e19baece23/p/platform_core/platform/service/sleeptimer/src/sl_sleeptimer_hal_sysrtc.c.obj
                0x0000000000800d68                sleeptimer_hal_set_compare
 text_sleeptimer_timecritical72101
                0x0000000000800dd8       0x24 CMakeFiles/slc.dir/base/home/tuya/.silabs/slt/installs/conan/p/simpl965e19baece23/p/platform_core/platform/service/sleeptimer/src/sl_sleeptimer_hal_sysrtc.c.obj
                0x0000000000800dd8                sleeptimer_hal_disable_int
 text_sleeptimer_timecritical73109
                0x0000000000800dfc       0x10 CMakeFiles/slc.dir/base/home/tuya/.silabs/slt/installs/conan/p/simpl965e19baece23/p/platform_core/platform/service/sleeptimer/src/sl_sleeptimer_hal_sysrtc.c.obj
                0x0000000000800dfc                sleeptimer_hal_set_int
 text_sleeptimer_timecritical88325
                0x0000000000800e0c       0x34 CMakeFiles/slc.dir/base/home/tuya/.silabs/slt/installs/conan/p/simpl965e19baece23/p/platform_core/platform/service/sleeptimer/src/sl_sleeptimer_hal_sysrtc.c.obj
                0x0000000000800e0c                SYSRTC_APP_IRQHandler
                0x0000000000800e40                . = ALIGN (0x4)
                0x0000000000800e40                __text_sleeptimer_ram_end__ = .
                0x0000000000800e40                __text_psec_osal_ram_start__ = .
 *(text_psec_osal_*timecritical*)
 text_psec_osal_timecritical41182
                0x0000000000800e40       0x36 CMakeFiles/slc.dir/base/home/tuya/.silabs/slt/installs/conan/p/simpl965e19baece23/p/security_se_manager/platform/security/sl_component/sli_psec_osal/src/sli_psec_osal_cmsis_rtos2.c.obj
                0x0000000000800e40                sli_psec_osal_lock_is_accessible
 text_psec_osal_timecritical42192
                0x0000000000800e76       0x3c CMakeFiles/slc.dir/base/home/tuya/.silabs/slt/installs/conan/p/simpl965e19baece23/p/security_se_manager/platform/security/sl_component/sli_psec_osal/src/sli_psec_osal_cmsis_rtos2.c.obj
                0x0000000000800e76                sli_psec_osal_take_lock_timeout
 text_psec_osal_timecritical44230
                0x0000000000800eb2       0x38 CMakeFiles/slc.dir/base/home/tuya/.silabs/slt/installs/conan/p/simpl965e19baece23/p/security_se_manager/platform/security/sl_component/sli_psec_osal/src/sli_psec_osal_cmsis_rtos2.c.obj
                0x0000000000800eb2                sli_psec_osal_give_lock
                0x0000000000800eec                . = ALIGN (0x4)
 *fill*         0x0000000000800eea        0x2 
                0x0000000000800eec                __text_psec_osal_ram_end__ = .
                0x0000000000800eec                __text_sxsymcrypt_ram_start__ = .
 *(text_sxsymcrypt_*timecritical*)
 text_sxsymcrypt_timecritical5065
                0x0000000000800eec       0x38 CMakeFiles/slc.dir/base/home/tuya/.silabs/slt/installs/conan/p/simpl965e19baece23/p/security_sxsymcrypt/src/platform/silicon_labs/sli_sxsymcrypt_hardware_interaction.c.obj
                0x0000000000800eec                SYMCRYPTO_IRQHandler
 text_sxsymcrypt_timecritical5296
                0x0000000000800f24       0x34 CMakeFiles/slc.dir/base/home/tuya/.silabs/slt/installs/conan/p/simpl965e19baece23/p/security_sxsymcrypt/src/platform/silicon_labs/sli_sxsymcrypt_hardware_interaction.c.obj
                0x0000000000800f24                sx_hw_find_regs
 text_sxsymcrypt_timecritical53115
                0x0000000000800f58        0xe CMakeFiles/slc.dir/base/home/tuya/.silabs/slt/installs/conan/p/simpl965e19baece23/p/security_sxsymcrypt/src/platform/silicon_labs/sli_sxsymcrypt_hardware_interaction.c.obj
                0x0000000000800f58                sx_rdreg
 text_sxsymcrypt_timecritical55137
                0x0000000000800f66        0xe CMakeFiles/slc.dir/base/home/tuya/.silabs/slt/installs/conan/p/simpl965e19baece23/p/security_sxsymcrypt/src/platform/silicon_labs/sli_sxsymcrypt_hardware_interaction.c.obj
                0x0000000000800f66                sx_wrreg
                0x0000000000800f74                . = ALIGN (0x4)
                0x0000000000800f74                __text_sxsymcrypt_ram_end__ = .
 *libgcc.a:_*.*(.text*)
 .text          0x0000000000800f74       0x30 /home/tuya/.silabs/slt/installs/conan/p/gcc-a442105b5c2637/p/bin/../lib/gcc/arm-none-eabi/12.2.1/thumb/v8-m.main+fp/hard/libgcc.a(_aeabi_uldivmod.o)
                0x0000000000800f74                __aeabi_uldivmod
 .text.__udivmoddi4
                0x0000000000800fa4      0x2ec /home/tuya/.silabs/slt/installs/conan/p/gcc-a442105b5c2637/p/bin/../lib/gcc/arm-none-eabi/12.2.1/thumb/v8-m.main+fp/hard/libgcc.a(_udivmoddi4.o)
                0x0000000000800fa4                __udivmoddi4
 .text          0x0000000000801290        0x4 /home/tuya/.silabs/slt/installs/conan/p/gcc-a442105b5c2637/p/bin/../lib/gcc/arm-none-eabi/12.2.1/thumb/v8-m.main+fp/hard/libgcc.a(_dvmd_tls.o)
                0x0000000000801290                __aeabi_ldiv0
                0x0000000000801290                __aeabi_idiv0
 *libgcc.a:_*.*(.rodata*)
 *memset.*(.text*)
 .text.memset   0x0000000000801294       0x10 /home/tuya/.silabs/slt/installs/conan/p/gcc-a442105b5c2637/p/bin/../lib/gcc/arm-none-eabi/12.2.1/../../../../arm-none-eabi/lib/thumb/v8-m.main+fp/hard/libc_nano.a(libc_a-memset.o)
                0x0000000000801294                memset
 *memset.*(.rodata*)
 *(text_freertos_kernel_*timecritical*)
 text_freertos_kernel_timecritical176172
                0x00000000008012a4       0x2a CMakeFiles/slc.dir/base/home/tuya/.silabs/slt/installs/conan/p/simpl965e19baece23/p/freertos/cmsis/Source/cmsis_os2.c.obj
 text_freertos_kernel_timecritical174149
                0x00000000008012ce       0x1a CMakeFiles/slc.dir/base/home/tuya/.silabs/slt/installs/conan/p/simpl965e19baece23/p/freertos/cmsis/Source/cmsis_os2.c.obj
                0x00000000008012ce                SysTick_Handler
 text_freertos_kernel_timecritical177205
                0x00000000008012e8       0x2c CMakeFiles/slc.dir/base/home/tuya/.silabs/slt/installs/conan/p/simpl965e19baece23/p/freertos/cmsis/Source/cmsis_os2.c.obj
                0x00000000008012e8                osKernelInitialize
 text_freertos_kernel_timecritical179263
                0x0000000000801314       0x20 CMakeFiles/slc.dir/base/home/tuya/.silabs/slt/installs/conan/p/simpl965e19baece23/p/freertos/cmsis/Source/cmsis_os2.c.obj
                0x0000000000801314                osKernelGetState
 text_freertos_kernel_timecritical180294
                0x0000000000801334       0x38 CMakeFiles/slc.dir/base/home/tuya/.silabs/slt/installs/conan/p/simpl965e19baece23/p/freertos/cmsis/Source/cmsis_os2.c.obj
                0x0000000000801334                osKernelStart
 text_freertos_kernel_timecritical181323
                0x000000000080136c       0x2c CMakeFiles/slc.dir/base/home/tuya/.silabs/slt/installs/conan/p/simpl965e19baece23/p/freertos/cmsis/Source/cmsis_os2.c.obj
                0x000000000080136c                osKernelLock
 text_freertos_kernel_timecritical183390
                0x0000000000801398       0x44 CMakeFiles/slc.dir/base/home/tuya/.silabs/slt/installs/conan/p/simpl965e19baece23/p/freertos/cmsis/Source/cmsis_os2.c.obj
                0x0000000000801398                osKernelRestoreLock
 text_freertos_kernel_timecritical188518
                0x00000000008013dc       0xa6 CMakeFiles/slc.dir/base/home/tuya/.silabs/slt/installs/conan/p/simpl965e19baece23/p/freertos/cmsis/Source/cmsis_os2.c.obj
                0x00000000008013dc                osThreadNew
 text_freertos_kernel_timecritical190658
                0x0000000000801482        0x4 CMakeFiles/slc.dir/base/home/tuya/.silabs/slt/installs/conan/p/simpl965e19baece23/p/freertos/cmsis/Source/cmsis_os2.c.obj
                0x0000000000801482                osThreadGetId
 text_freertos_kernel_timecritical199840
                0x0000000000801486       0x34 CMakeFiles/slc.dir/base/home/tuya/.silabs/slt/installs/conan/p/simpl965e19baece23/p/freertos/cmsis/Source/cmsis_os2.c.obj
                0x0000000000801486                osThreadTerminate
 text_freertos_kernel_timecritical2211733
                0x00000000008014ba       0x7a CMakeFiles/slc.dir/base/home/tuya/.silabs/slt/installs/conan/p/simpl965e19baece23/p/freertos/cmsis/Source/cmsis_os2.c.obj
                0x00000000008014ba                osMutexNew
 text_freertos_kernel_timecritical2221822
                0x0000000000801534       0x4a CMakeFiles/slc.dir/base/home/tuya/.silabs/slt/installs/conan/p/simpl965e19baece23/p/freertos/cmsis/Source/cmsis_os2.c.obj
                0x0000000000801534                osMutexAcquire
 text_freertos_kernel_timecritical2231870
                0x000000000080157e       0x44 CMakeFiles/slc.dir/base/home/tuya/.silabs/slt/installs/conan/p/simpl965e19baece23/p/freertos/cmsis/Source/cmsis_os2.c.obj
                0x000000000080157e                osMutexRelease
 text_freertos_kernel_timecritical2241910
                0x00000000008015c2       0x28 CMakeFiles/slc.dir/base/home/tuya/.silabs/slt/installs/conan/p/simpl965e19baece23/p/freertos/cmsis/Source/cmsis_os2.c.obj
                0x00000000008015c2                osMutexGetOwner
 text_freertos_kernel_timecritical2251931
                0x00000000008015ea       0x30 CMakeFiles/slc.dir/base/home/tuya/.silabs/slt/installs/conan/p/simpl965e19baece23/p/freertos/cmsis/Source/cmsis_os2.c.obj
                0x00000000008015ea                osMutexDelete
 text_freertos_kernel_timecritical2261966
                0x000000000080161a       0xa2 CMakeFiles/slc.dir/base/home/tuya/.silabs/slt/installs/conan/p/simpl965e19baece23/p/freertos/cmsis/Source/cmsis_os2.c.obj
                0x000000000080161a                osSemaphoreNew
 text_freertos_kernel_timecritical2272042
                0x00000000008016bc       0x5c CMakeFiles/slc.dir/base/home/tuya/.silabs/slt/installs/conan/p/simpl965e19baece23/p/freertos/cmsis/Source/cmsis_os2.c.obj
                0x00000000008016bc                osSemaphoreAcquire
 text_freertos_kernel_timecritical2282083
                0x0000000000801718       0x50 CMakeFiles/slc.dir/base/home/tuya/.silabs/slt/installs/conan/p/simpl965e19baece23/p/freertos/cmsis/Source/cmsis_os2.c.obj
                0x0000000000801718                osSemaphoreRelease
 text_freertos_kernel_timecritical2302135
                0x0000000000801768       0x2a CMakeFiles/slc.dir/base/home/tuya/.silabs/slt/installs/conan/p/simpl965e19baece23/p/freertos/cmsis/Source/cmsis_os2.c.obj
                0x0000000000801768                osSemaphoreDelete
 *fill*         0x0000000000801792        0x2 
 text_freertos_kernel_timecritical2523000
                0x0000000000801794       0x18 CMakeFiles/slc.dir/base/home/tuya/.silabs/slt/installs/conan/p/simpl965e19baece23/p/freertos/cmsis/Source/cmsis_os2.c.obj
                0x0000000000801794                vApplicationGetIdleTaskMemory
 text_freertos_kernel_timecritical2533001
                0x00000000008017ac       0x18 CMakeFiles/slc.dir/base/home/tuya/.silabs/slt/installs/conan/p/simpl965e19baece23/p/freertos/cmsis/Source/cmsis_os2.c.obj
                0x00000000008017ac                vApplicationGetTimerTaskMemory
 text_freertos_kernel_timecritical41436
                0x00000000008017c4       0x16 CMakeFiles/slc.dir/base/home/tuya/.silabs/slt/installs/conan/p/simpl965e19baece23/p/freertos/kernel/list.c.obj
                0x00000000008017c4                vListInitialise
 text_freertos_kernel_timecritical42447
                0x00000000008017da        0x6 CMakeFiles/slc.dir/base/home/tuya/.silabs/slt/installs/conan/p/simpl965e19baece23/p/freertos/kernel/list.c.obj
                0x00000000008017da                vListInitialiseItem
 text_freertos_kernel_timecritical43461
                0x00000000008017e0       0x2e CMakeFiles/slc.dir/base/home/tuya/.silabs/slt/installs/conan/p/simpl965e19baece23/p/freertos/kernel/list.c.obj
                0x00000000008017e0                vListInsert
 text_freertos_kernel_timecritical44483
                0x000000000080180e       0x16 CMakeFiles/slc.dir/base/home/tuya/.silabs/slt/installs/conan/p/simpl965e19baece23/p/freertos/kernel/list.c.obj
                0x000000000080180e                vListInsertEnd
 text_freertos_kernel_timecritical45498
                0x0000000000801824       0x1e CMakeFiles/slc.dir/base/home/tuya/.silabs/slt/installs/conan/p/simpl965e19baece23/p/freertos/kernel/list.c.obj
                0x0000000000801824                uxListRemove
 *fill*         0x0000000000801842        0x2 
 text_freertos_kernel_timecritical30131
                0x0000000000801844       0x70 CMakeFiles/slc.dir/base/home/tuya/.silabs/slt/installs/conan/p/simpl965e19baece23/p/freertos/kernel/portable/GCC/ARM_CM33_NTZ/non_secure/port.c.obj
                0x0000000000801844                pxPortInitialiseStack
 text_freertos_kernel_timecritical112413
                0x00000000008018b4       0x28 CMakeFiles/slc.dir/base/home/tuya/.silabs/slt/installs/conan/p/simpl965e19baece23/p/freertos/kernel/portable/GCC/ARM_CM33_NTZ/non_secure/port.c.obj
                0x00000000008018b4                vPortSetupTimerInterrupt
 text_freertos_kernel_timecritical39218
                0x00000000008018dc      0x100 CMakeFiles/slc.dir/base/home/tuya/.silabs/slt/installs/conan/p/simpl965e19baece23/p/freertos/kernel/portable/GCC/ARM_CM33_NTZ/non_secure/port.c.obj
                0x00000000008018dc                xPortStartScheduler
 text_freertos_kernel_timecritical113426
                0x00000000008019dc       0x16 CMakeFiles/slc.dir/base/home/tuya/.silabs/slt/installs/conan/p/simpl965e19baece23/p/freertos/kernel/portable/GCC/ARM_CM33_NTZ/non_secure/port.c.obj
                0x00000000008019dc                vPortYield
 *fill*         0x00000000008019f2        0x2 
 text_freertos_kernel_timecritical114431
                0x00000000008019f4       0x1c CMakeFiles/slc.dir/base/home/tuya/.silabs/slt/installs/conan/p/simpl965e19baece23/p/freertos/kernel/portable/GCC/ARM_CM33_NTZ/non_secure/port.c.obj
                0x00000000008019f4                vPortEnterCritical
 text_freertos_kernel_timecritical115436
                0x0000000000801a10       0x30 CMakeFiles/slc.dir/base/home/tuya/.silabs/slt/installs/conan/p/simpl965e19baece23/p/freertos/kernel/portable/GCC/ARM_CM33_NTZ/non_secure/port.c.obj
                0x0000000000801a10                vPortExitCritical
 text_freertos_kernel_timecritical116441
                0x0000000000801a40       0x24 CMakeFiles/slc.dir/base/home/tuya/.silabs/slt/installs/conan/p/simpl965e19baece23/p/freertos/kernel/portable/GCC/ARM_CM33_NTZ/non_secure/port.c.obj
                0x0000000000801a40                xPortSysTickHandler
 text_freertos_kernel_timecritical117446
                0x0000000000801a64       0x38 CMakeFiles/slc.dir/base/home/tuya/.silabs/slt/installs/conan/p/simpl965e19baece23/p/freertos/kernel/portable/GCC/ARM_CM33_NTZ/non_secure/port.c.obj
                0x0000000000801a64                vPortSVCHandler_C
 text_freertos_kernel_timecritical4142
                0x0000000000801a9c       0x2c CMakeFiles/slc.dir/base/home/tuya/.silabs/slt/installs/conan/p/simpl965e19baece23/p/freertos/kernel/portable/GCC/ARM_CM33_NTZ/non_secure/portasm.c.obj
                0x0000000000801a9c                vRestoreContextOfFirstTask
 text_freertos_kernel_timecritical4377
                0x0000000000801ac8       0x20 CMakeFiles/slc.dir/base/home/tuya/.silabs/slt/installs/conan/p/simpl965e19baece23/p/freertos/kernel/portable/GCC/ARM_CM33_NTZ/non_secure/portasm.c.obj
                0x0000000000801ac8                vStartFirstTask
 text_freertos_kernel_timecritical4482
                0x0000000000801ae8       0x16 CMakeFiles/slc.dir/base/home/tuya/.silabs/slt/installs/conan/p/simpl965e19baece23/p/freertos/kernel/portable/GCC/ARM_CM33_NTZ/non_secure/portasm.c.obj
                0x0000000000801ae8                ulSetInterruptMask
 text_freertos_kernel_timecritical4587
                0x0000000000801afe        0xe CMakeFiles/slc.dir/base/home/tuya/.silabs/slt/installs/conan/p/simpl965e19baece23/p/freertos/kernel/portable/GCC/ARM_CM33_NTZ/non_secure/portasm.c.obj
                0x0000000000801afe                vClearInterruptMask
 text_freertos_kernel_timecritical4692
                0x0000000000801b0c       0x5c CMakeFiles/slc.dir/base/home/tuya/.silabs/slt/installs/conan/p/simpl965e19baece23/p/freertos/kernel/portable/GCC/ARM_CM33_NTZ/non_secure/portasm.c.obj
                0x0000000000801b0c                PendSV_Handler
 text_freertos_kernel_timecritical4797
                0x0000000000801b68       0x18 CMakeFiles/slc.dir/base/home/tuya/.silabs/slt/installs/conan/p/simpl965e19baece23/p/freertos/kernel/portable/GCC/ARM_CM33_NTZ/non_secure/portasm.c.obj
                0x0000000000801b68                SVC_Handler
 text_freertos_kernel_timecritical32179
                0x0000000000801b80       0x18 CMakeFiles/slc.dir/base/home/tuya/.silabs/slt/installs/conan/p/simpl965e19baece23/p/freertos/kernel/portable/MemMang/heap_3.c.obj
                0x0000000000801b80                pvPortMalloc
 text_freertos_kernel_timecritical34182
                0x0000000000801b98       0x1a CMakeFiles/slc.dir/base/home/tuya/.silabs/slt/installs/conan/p/simpl965e19baece23/p/freertos/kernel/portable/MemMang/heap_3.c.obj
                0x0000000000801b98                vPortFree
 text_freertos_kernel_timecritical138178
                0x0000000000801bb2       0x70 CMakeFiles/slc.dir/base/home/tuya/.silabs/slt/installs/conan/p/simpl965e19baece23/p/freertos/kernel/queue.c.obj
 text_freertos_kernel_timecritical139185
                0x0000000000801c22       0x16 CMakeFiles/slc.dir/base/home/tuya/.silabs/slt/installs/conan/p/simpl965e19baece23/p/freertos/kernel/queue.c.obj
 text_freertos_kernel_timecritical141200
                0x0000000000801c38       0x66 CMakeFiles/slc.dir/base/home/tuya/.silabs/slt/installs/conan/p/simpl965e19baece23/p/freertos/kernel/queue.c.obj
 text_freertos_kernel_timecritical142206
                0x0000000000801c9e       0x2c CMakeFiles/slc.dir/base/home/tuya/.silabs/slt/installs/conan/p/simpl965e19baece23/p/freertos/kernel/queue.c.obj
 *fill*         0x0000000000801cca        0x2 
 text_freertos_kernel_timecritical103687
                0x0000000000801ccc      0x13c CMakeFiles/slc.dir/base/home/tuya/.silabs/slt/installs/conan/p/simpl965e19baece23/p/freertos/kernel/queue.c.obj
                0x0000000000801ccc                xQueueGenericSend
 text_freertos_kernel_timecritical144233
                0x0000000000801e08       0x14 CMakeFiles/slc.dir/base/home/tuya/.silabs/slt/installs/conan/p/simpl965e19baece23/p/freertos/kernel/queue.c.obj
 text_freertos_kernel_timecritical106913
                0x0000000000801e1c      0x108 CMakeFiles/slc.dir/base/home/tuya/.silabs/slt/installs/conan/p/simpl965e19baece23/p/freertos/kernel/queue.c.obj
                0x0000000000801e1c                xQueueReceive
 text_freertos_kernel_timecritical1111363
                0x0000000000801f24       0x9c CMakeFiles/slc.dir/base/home/tuya/.silabs/slt/installs/conan/p/simpl965e19baece23/p/freertos/kernel/queue.c.obj
                0x0000000000801f24                xQueueGiveFromISR
 text_freertos_kernel_timecritical1121454
                0x0000000000801fc0       0x9c CMakeFiles/slc.dir/base/home/tuya/.silabs/slt/installs/conan/p/simpl965e19baece23/p/freertos/kernel/queue.c.obj
                0x0000000000801fc0                xQueueReceiveFromISR
 text_freertos_kernel_timecritical1201514
                0x000000000080205c      0x130 CMakeFiles/slc.dir/base/home/tuya/.silabs/slt/installs/conan/p/simpl965e19baece23/p/freertos/kernel/queue.c.obj
                0x000000000080205c                xQueueSemaphoreTake
 text_freertos_kernel_timecritical1211517
                0x000000000080218c       0x2c CMakeFiles/slc.dir/base/home/tuya/.silabs/slt/installs/conan/p/simpl965e19baece23/p/freertos/kernel/queue.c.obj
                0x000000000080218c                xQueueGetMutexHolder
 text_freertos_kernel_timecritical1221518
                0x00000000008021b8       0x20 CMakeFiles/slc.dir/base/home/tuya/.silabs/slt/installs/conan/p/simpl965e19baece23/p/freertos/kernel/queue.c.obj
                0x00000000008021b8                xQueueGetMutexHolderFromISR
 text_freertos_kernel_timecritical1231526
                0x00000000008021d8       0x40 CMakeFiles/slc.dir/base/home/tuya/.silabs/slt/installs/conan/p/simpl965e19baece23/p/freertos/kernel/queue.c.obj
                0x00000000008021d8                xQueueTakeMutexRecursive
 text_freertos_kernel_timecritical1241527
                0x0000000000802218       0x3c CMakeFiles/slc.dir/base/home/tuya/.silabs/slt/installs/conan/p/simpl965e19baece23/p/freertos/kernel/queue.c.obj
                0x0000000000802218                xQueueGiveMutexRecursive
 text_freertos_kernel_timecritical1251563
                0x0000000000802254       0x50 CMakeFiles/slc.dir/base/home/tuya/.silabs/slt/installs/conan/p/simpl965e19baece23/p/freertos/kernel/queue.c.obj
                0x0000000000802254                vQueueAddToRegistry
 text_freertos_kernel_timecritical1261577
                0x00000000008022a4       0x40 CMakeFiles/slc.dir/base/home/tuya/.silabs/slt/installs/conan/p/simpl965e19baece23/p/freertos/kernel/queue.c.obj
                0x00000000008022a4                vQueueUnregisterQueue
 text_freertos_kernel_timecritical109965
                0x00000000008022e4       0x2c CMakeFiles/slc.dir/base/home/tuya/.silabs/slt/installs/conan/p/simpl965e19baece23/p/freertos/kernel/queue.c.obj
                0x00000000008022e4                vQueueDelete
 text_freertos_kernel_timecritical1311781
                0x0000000000802310       0x46 CMakeFiles/slc.dir/base/home/tuya/.silabs/slt/installs/conan/p/simpl965e19baece23/p/freertos/kernel/queue.c.obj
                0x0000000000802310                vQueueWaitForMessageRestricted
 *fill*         0x0000000000802356        0x2 
 text_freertos_kernel_timecritical1321783
                0x0000000000802358       0x88 CMakeFiles/slc.dir/base/home/tuya/.silabs/slt/installs/conan/p/simpl965e19baece23/p/freertos/kernel/queue.c.obj
                0x0000000000802358                xQueueGenericReset
 text_freertos_kernel_timecritical1281603
                0x00000000008023e0       0x60 CMakeFiles/slc.dir/base/home/tuya/.silabs/slt/installs/conan/p/simpl965e19baece23/p/freertos/kernel/queue.c.obj
                0x00000000008023e0                xQueueGenericCreate
 text_freertos_kernel_timecritical1161495
                0x0000000000802440       0x16 CMakeFiles/slc.dir/base/home/tuya/.silabs/slt/installs/conan/p/simpl965e19baece23/p/freertos/kernel/queue.c.obj
                0x0000000000802440                xQueueCreateMutex
 *fill*         0x0000000000802456        0x2 
 text_freertos_kernel_timecritical1181504
                0x0000000000802458       0x2c CMakeFiles/slc.dir/base/home/tuya/.silabs/slt/installs/conan/p/simpl965e19baece23/p/freertos/kernel/queue.c.obj
                0x0000000000802458                xQueueCreateCountingSemaphore
 text_freertos_kernel_timecritical1291616
                0x0000000000802484       0x8c CMakeFiles/slc.dir/base/home/tuya/.silabs/slt/installs/conan/p/simpl965e19baece23/p/freertos/kernel/queue.c.obj
                0x0000000000802484                xQueueGenericCreateStatic
 text_freertos_kernel_timecritical1171499
                0x0000000000802510       0x1c CMakeFiles/slc.dir/base/home/tuya/.silabs/slt/installs/conan/p/simpl965e19baece23/p/freertos/kernel/queue.c.obj
                0x0000000000802510                xQueueCreateMutexStatic
 text_freertos_kernel_timecritical1191510
                0x000000000080252c       0x34 CMakeFiles/slc.dir/base/home/tuya/.silabs/slt/installs/conan/p/simpl965e19baece23/p/freertos/kernel/queue.c.obj
                0x000000000080252c                xQueueCreateCountingSemaphoreStatic
 text_freertos_kernel_timecritical129623
                0x0000000000802560       0x9c CMakeFiles/slc.dir/base/home/tuya/.silabs/slt/installs/conan/p/simpl965e19baece23/p/freertos/kernel/tasks.c.obj
 text_freertos_kernel_timecritical132682
                0x00000000008025fc       0x24 CMakeFiles/slc.dir/base/home/tuya/.silabs/slt/installs/conan/p/simpl965e19baece23/p/freertos/kernel/tasks.c.obj
 text_freertos_kernel_timecritical127607
                0x0000000000802620       0x38 CMakeFiles/slc.dir/base/home/tuya/.silabs/slt/installs/conan/p/simpl965e19baece23/p/freertos/kernel/tasks.c.obj
 text_freertos_kernel_timecritical128616
                0x0000000000802658       0x40 CMakeFiles/slc.dir/base/home/tuya/.silabs/slt/installs/conan/p/simpl965e19baece23/p/freertos/kernel/tasks.c.obj
 text_freertos_kernel_timecritical134712
                0x0000000000802698      0x100 CMakeFiles/slc.dir/base/home/tuya/.silabs/slt/installs/conan/p/simpl965e19baece23/p/freertos/kernel/tasks.c.obj
 text_freertos_kernel_timecritical126593
                0x0000000000802798       0x18 CMakeFiles/slc.dir/base/home/tuya/.silabs/slt/installs/conan/p/simpl965e19baece23/p/freertos/kernel/tasks.c.obj
 text_freertos_kernel_timecritical133706
                0x00000000008027b0       0x90 CMakeFiles/slc.dir/base/home/tuya/.silabs/slt/installs/conan/p/simpl965e19baece23/p/freertos/kernel/tasks.c.obj
 text_freertos_kernel_timecritical46379
                0x0000000000802840       0x5c CMakeFiles/slc.dir/base/home/tuya/.silabs/slt/installs/conan/p/simpl965e19baece23/p/freertos/kernel/tasks.c.obj
                0x0000000000802840                xTaskCreate
 text_freertos_kernel_timecritical47507
                0x000000000080289c       0xa4 CMakeFiles/slc.dir/base/home/tuya/.silabs/slt/installs/conan/p/simpl965e19baece23/p/freertos/kernel/tasks.c.obj
                0x000000000080289c                xTaskCreateStatic
 text_freertos_kernel_timecritical48794
                0x0000000000802940       0xa8 CMakeFiles/slc.dir/base/home/tuya/.silabs/slt/installs/conan/p/simpl965e19baece23/p/freertos/kernel/tasks.c.obj
                0x0000000000802940                vTaskDelete
 text_freertos_kernel_timecritical561070
                0x00000000008029e8       0x94 CMakeFiles/slc.dir/base/home/tuya/.silabs/slt/installs/conan/p/simpl965e19baece23/p/freertos/kernel/tasks.c.obj
                0x00000000008029e8                eTaskGetState
 text_freertos_kernel_timecritical621507
                0x0000000000802a7c       0x9c CMakeFiles/slc.dir/base/home/tuya/.silabs/slt/installs/conan/p/simpl965e19baece23/p/freertos/kernel/tasks.c.obj
                0x0000000000802a7c                vTaskStartScheduler
 text_freertos_kernel_timecritical641618
                0x0000000000802b18       0x10 CMakeFiles/slc.dir/base/home/tuya/.silabs/slt/installs/conan/p/simpl965e19baece23/p/freertos/kernel/tasks.c.obj
                0x0000000000802b18                vTaskSuspendAll
 text_freertos_kernel_timecritical661691
                0x0000000000802b28        0xc CMakeFiles/slc.dir/base/home/tuya/.silabs/slt/installs/conan/p/simpl965e19baece23/p/freertos/kernel/tasks.c.obj
                0x0000000000802b28                xTaskGetTickCount
 text_freertos_kernel_timecritical681725
                0x0000000000802b34        0xc CMakeFiles/slc.dir/base/home/tuya/.silabs/slt/installs/conan/p/simpl965e19baece23/p/freertos/kernel/tasks.c.obj
                0x0000000000802b34                uxTaskGetNumberOfTasks
 text_freertos_kernel_timecritical843471
                0x0000000000802b40      0x17c CMakeFiles/slc.dir/base/home/tuya/.silabs/slt/installs/conan/p/simpl965e19baece23/p/freertos/kernel/tasks.c.obj
                0x0000000000802b40                xTaskIncrementTick
 text_freertos_kernel_timecritical651674
                0x0000000000802cbc      0x148 CMakeFiles/slc.dir/base/home/tuya/.silabs/slt/installs/conan/p/simpl965e19baece23/p/freertos/kernel/tasks.c.obj
                0x0000000000802cbc                xTaskResumeAll
 text_freertos_kernel_timecritical49848
                0x0000000000802e04       0x40 CMakeFiles/slc.dir/base/home/tuya/.silabs/slt/installs/conan/p/simpl965e19baece23/p/freertos/kernel/tasks.c.obj
                0x0000000000802e04                vTaskDelay
 text_freertos_kernel_timecritical853505
                0x0000000000802e44       0x34 CMakeFiles/slc.dir/base/home/tuya/.silabs/slt/installs/conan/p/simpl965e19baece23/p/freertos/kernel/tasks.c.obj
                0x0000000000802e44                vTaskPlaceOnEventList
 text_freertos_kernel_timecritical873523
                0x0000000000802e78       0x5c CMakeFiles/slc.dir/base/home/tuya/.silabs/slt/installs/conan/p/simpl965e19baece23/p/freertos/kernel/tasks.c.obj
                0x0000000000802e78                vTaskPlaceOnEventListRestricted
 text_freertos_kernel_timecritical883549
                0x0000000000802ed4       0xc4 CMakeFiles/slc.dir/base/home/tuya/.silabs/slt/installs/conan/p/simpl965e19baece23/p/freertos/kernel/tasks.c.obj
                0x0000000000802ed4                xTaskRemoveFromEventList
 text_freertos_kernel_timecritical903562
                0x0000000000802f98       0xa8 CMakeFiles/slc.dir/base/home/tuya/.silabs/slt/installs/conan/p/simpl965e19baece23/p/freertos/kernel/tasks.c.obj
                0x0000000000802f98                vTaskSwitchContext
 text_freertos_kernel_timecritical923576
                0x0000000000803040        0xc CMakeFiles/slc.dir/base/home/tuya/.silabs/slt/installs/conan/p/simpl965e19baece23/p/freertos/kernel/tasks.c.obj
                0x0000000000803040                xTaskGetCurrentTaskHandle
 text_freertos_kernel_timecritical943587
                0x000000000080304c        0xc CMakeFiles/slc.dir/base/home/tuya/.silabs/slt/installs/conan/p/simpl965e19baece23/p/freertos/kernel/tasks.c.obj
                0x000000000080304c                vTaskMissedYield
 text_freertos_kernel_timecritical953593
                0x0000000000803058       0x20 CMakeFiles/slc.dir/base/home/tuya/.silabs/slt/installs/conan/p/simpl965e19baece23/p/freertos/kernel/tasks.c.obj
                0x0000000000803058                xTaskGetSchedulerState
 text_freertos_kernel_timecritical963599
                0x0000000000803078       0x8c CMakeFiles/slc.dir/base/home/tuya/.silabs/slt/installs/conan/p/simpl965e19baece23/p/freertos/kernel/tasks.c.obj
                0x0000000000803078                xTaskPriorityInherit
 text_freertos_kernel_timecritical973605
                0x0000000000803104       0x8c CMakeFiles/slc.dir/base/home/tuya/.silabs/slt/installs/conan/p/simpl965e19baece23/p/freertos/kernel/tasks.c.obj
                0x0000000000803104                xTaskPriorityDisinherit
 text_freertos_kernel_timecritical983616
                0x0000000000803190       0xa0 CMakeFiles/slc.dir/base/home/tuya/.silabs/slt/installs/conan/p/simpl965e19baece23/p/freertos/kernel/tasks.c.obj
                0x0000000000803190                vTaskPriorityDisinheritAfterTimeout
 text_freertos_kernel_timecritical1013668
                0x0000000000803230       0x14 CMakeFiles/slc.dir/base/home/tuya/.silabs/slt/installs/conan/p/simpl965e19baece23/p/freertos/kernel/tasks.c.obj
                0x0000000000803230                pvTaskIncrementMutexHeldCount
 text_freertos_kernel_timecritical1023674
                0x0000000000803244       0x18 CMakeFiles/slc.dir/base/home/tuya/.silabs/slt/installs/conan/p/simpl965e19baece23/p/freertos/kernel/tasks.c.obj
                0x0000000000803244                vTaskInternalSetTimeOutState
 text_freertos_kernel_timecritical813402
                0x000000000080325c       0x84 CMakeFiles/slc.dir/base/home/tuya/.silabs/slt/installs/conan/p/simpl965e19baece23/p/freertos/kernel/tasks.c.obj
                0x000000000080325c                xTaskCheckForTimeOut
 text_freertos_kernel_timecritical162174
                0x00000000008032e0       0x3c CMakeFiles/slc.dir/base/home/tuya/.silabs/slt/installs/conan/p/simpl965e19baece23/p/freertos/kernel/timers.c.obj
 text_freertos_kernel_timecritical163183
                0x000000000080331c       0x26 CMakeFiles/slc.dir/base/home/tuya/.silabs/slt/installs/conan/p/simpl965e19baece23/p/freertos/kernel/timers.c.obj
 *fill*         0x0000000000803342        0x2 
 text_freertos_kernel_timecritical164190
                0x0000000000803344       0x40 CMakeFiles/slc.dir/base/home/tuya/.silabs/slt/installs/conan/p/simpl965e19baece23/p/freertos/kernel/timers.c.obj
 text_freertos_kernel_timecritical166202
                0x0000000000803384       0x4c CMakeFiles/slc.dir/base/home/tuya/.silabs/slt/installs/conan/p/simpl965e19baece23/p/freertos/kernel/timers.c.obj
 text_freertos_kernel_timecritical159152
                0x00000000008033d0       0x68 CMakeFiles/slc.dir/base/home/tuya/.silabs/slt/installs/conan/p/simpl965e19baece23/p/freertos/kernel/timers.c.obj
 text_freertos_kernel_timecritical160159
                0x0000000000803438      0x16c CMakeFiles/slc.dir/base/home/tuya/.silabs/slt/installs/conan/p/simpl965e19baece23/p/freertos/kernel/timers.c.obj
 text_freertos_kernel_timecritical1531348
                0x00000000008035a4       0x64 CMakeFiles/slc.dir/base/home/tuya/.silabs/slt/installs/conan/p/simpl965e19baece23/p/freertos/kernel/timers.c.obj
                0x00000000008035a4                xTimerCreateTimerTask
                0x0000000000803608                . = ALIGN (0x4)
                0x0000000000803608                __vma_ramfuncs_end__ = .
                0x00000000010081a8                __lma_ramfuncs_start__ = LOADADDR (text_ram)
                0x000000000100b7b0                __lma_ramfuncs_end__ = (LOADADDR (text_ram) + SIZEOF (text_ram))

.rodata

.text           0x000000000100b7b0     0x3ce8
                0x000000000100b7b0                linker_code_begin = .
 *(SORT_BY_ALIGNMENT(.text*))
 .text.deregister_tm_clones
                0x000000000100b7b0       0x1c /home/tuya/.silabs/slt/installs/conan/p/gcc-a442105b5c2637/p/bin/../lib/gcc/arm-none-eabi/12.2.1/thumb/v8-m.main+fp/hard/crtbegin.o
 .text.register_tm_clones
                0x000000000100b7cc       0x28 /home/tuya/.silabs/slt/installs/conan/p/gcc-a442105b5c2637/p/bin/../lib/gcc/arm-none-eabi/12.2.1/thumb/v8-m.main+fp/hard/crtbegin.o
 .text.__do_global_dtors_aux
                0x000000000100b7f4       0x28 /home/tuya/.silabs/slt/installs/conan/p/gcc-a442105b5c2637/p/bin/../lib/gcc/arm-none-eabi/12.2.1/thumb/v8-m.main+fp/hard/crtbegin.o
 .text.frame_dummy
                0x000000000100b81c       0x24 /home/tuya/.silabs/slt/installs/conan/p/gcc-a442105b5c2637/p/bin/../lib/gcc/arm-none-eabi/12.2.1/thumb/v8-m.main+fp/hard/crtbegin.o
 .text          0x000000000100b840       0x7c /home/tuya/.silabs/slt/installs/conan/p/gcc-a442105b5c2637/p/bin/../lib/gcc/arm-none-eabi/12.2.1/../../../../arm-none-eabi/lib/thumb/v8-m.main+fp/hard/crt0.o
                0x000000000100b840                _stack_init
                0x000000000100b848                _mainCRTStartup
                0x000000000100b848                _start
 .text.sl_board_init
                0x000000000100b8bc       0x14 CMakeFiles/slc.dir/base/home/tuya/.silabs/slt/installs/conan/p/simpl965e19baece23/p/boards/hardware/board/src/sl_board_init.c.obj
                0x000000000100b8bc                sl_board_init
 .text.sl_board_preinit
                0x000000000100b8d0        0xc CMakeFiles/slc.dir/base/home/tuya/.silabs/slt/installs/conan/p/simpl965e19baece23/p/boards/hardware/board/src/sl_board_init.c.obj
                0x000000000100b8d0                sl_board_preinit
 .text.CopyToRam
                0x000000000100b8dc       0x1c CMakeFiles/slc.dir/base/home/tuya/.silabs/slt/installs/conan/p/simpl965e19baece23/p/devices/platform/Device/SiliconLabs/SIMG301/Source/startup_simg301.c.obj
                0x000000000100b8dc                CopyToRam
 .text.Reset_Handler
                0x000000000100b8f8      0x138 CMakeFiles/slc.dir/base/home/tuya/.silabs/slt/installs/conan/p/simpl965e19baece23/p/devices/platform/Device/SiliconLabs/SIMG301/Source/startup_simg301.c.obj
                0x000000000100b8f8                Reset_Handler
 .text.SystemInit
                0x000000000100ba30       0x1c CMakeFiles/slc.dir/base/home/tuya/.silabs/slt/installs/conan/p/simpl965e19baece23/p/devices/platform/Device/SiliconLabs/SIMG301/Source/system_simg301.c.obj
                0x000000000100ba30                SystemInit
 .text.SystemHFRCODPLLClockSet
                0x000000000100ba4c        0xc CMakeFiles/slc.dir/base/home/tuya/.silabs/slt/installs/conan/p/simpl965e19baece23/p/devices/platform/Device/SiliconLabs/SIMG301/Source/system_simg301.c.obj
                0x000000000100ba4c                SystemHFRCODPLLClockSet
 .text.SystemHFXOClockSet
                0x000000000100ba58       0x20 CMakeFiles/slc.dir/base/home/tuya/.silabs/slt/installs/conan/p/simpl965e19baece23/p/devices/platform/Device/SiliconLabs/SIMG301/Source/system_simg301.c.obj
                0x000000000100ba58                SystemHFXOClockSet
 .text.SystemSOCPLLClockSet
                0x000000000100ba78       0x24 CMakeFiles/slc.dir/base/home/tuya/.silabs/slt/installs/conan/p/simpl965e19baece23/p/devices/platform/Device/SiliconLabs/SIMG301/Source/system_simg301.c.obj
                0x000000000100ba78                SystemSOCPLLClockSet
 .text.vApplicationStackOverflowHook
                0x000000000100ba9c       0x10 CMakeFiles/slc.dir/base/home/tuya/.silabs/slt/installs/conan/p/simpl965e19baece23/p/freertos/cmsis/Source/cmsis_os2.c.obj
                0x000000000100ba9c                vApplicationStackOverflowHook
 .text.prvTaskExitError
                0x000000000100baac       0x30 CMakeFiles/slc.dir/base/home/tuya/.silabs/slt/installs/conan/p/simpl965e19baece23/p/freertos/kernel/portable/GCC/ARM_CM33_NTZ/non_secure/port.c.obj
 .text.vPortValidateInterruptPriority
                0x000000000100badc       0x54 CMakeFiles/slc.dir/base/home/tuya/.silabs/slt/installs/conan/p/simpl965e19baece23/p/freertos/kernel/portable/GCC/ARM_CM33_NTZ/non_secure/port.c.obj
                0x000000000100badc                vPortValidateInterruptPriority
 .text.sl_debug_swo_init
                0x000000000100bb30       0xcc CMakeFiles/slc.dir/base/home/tuya/.silabs/slt/installs/conan/p/simpl965e19baece23/p/platform_core/platform/driver/debug/src/sl_debug_swo.c.obj
                0x000000000100bb30                sl_debug_swo_init
 .text.sl_gpio_dispatch_interrupt
                0x000000000100bbfc       0x54 CMakeFiles/slc.dir/base/home/tuya/.silabs/slt/installs/conan/p/simpl965e19baece23/p/platform_core/platform/driver/gpio/src/sl_gpio.c.obj
 .text.sl_gpio_init
                0x000000000100bc50       0x38 CMakeFiles/slc.dir/base/home/tuya/.silabs/slt/installs/conan/p/simpl965e19baece23/p/platform_core/platform/driver/gpio/src/sl_gpio.c.obj
                0x000000000100bc50                sl_gpio_init
 .text.sl_gpio_set_pin_mode
                0x000000000100bc88       0x6c CMakeFiles/slc.dir/base/home/tuya/.silabs/slt/installs/conan/p/simpl965e19baece23/p/platform_core/platform/driver/gpio/src/sl_gpio.c.obj
                0x000000000100bc88                sl_gpio_set_pin_mode
 .text.sl_gpio_set_pin
                0x000000000100bcf4       0x4c CMakeFiles/slc.dir/base/home/tuya/.silabs/slt/installs/conan/p/simpl965e19baece23/p/platform_core/platform/driver/gpio/src/sl_gpio.c.obj
                0x000000000100bcf4                sl_gpio_set_pin
 .text.sl_gpio_clear_pin
                0x000000000100bd40       0x4c CMakeFiles/slc.dir/base/home/tuya/.silabs/slt/installs/conan/p/simpl965e19baece23/p/platform_core/platform/driver/gpio/src/sl_gpio.c.obj
                0x000000000100bd40                sl_gpio_clear_pin
 .text.sl_gpio_get_pin_output
                0x000000000100bd8c       0x60 CMakeFiles/slc.dir/base/home/tuya/.silabs/slt/installs/conan/p/simpl965e19baece23/p/platform_core/platform/driver/gpio/src/sl_gpio.c.obj
                0x000000000100bd8c                sl_gpio_get_pin_output
 .text.GPIO_EVEN_IRQHandler
                0x000000000100bdec       0x20 CMakeFiles/slc.dir/base/home/tuya/.silabs/slt/installs/conan/p/simpl965e19baece23/p/platform_core/platform/driver/gpio/src/sl_gpio.c.obj
                0x000000000100bdec                GPIO_EVEN_IRQHandler
 .text.GPIO_ODD_IRQHandler
                0x000000000100be0c       0x20 CMakeFiles/slc.dir/base/home/tuya/.silabs/slt/installs/conan/p/simpl965e19baece23/p/platform_core/platform/driver/gpio/src/sl_gpio.c.obj
                0x000000000100be0c                GPIO_ODD_IRQHandler
 .text.sl_simple_led_init
                0x000000000100be2c       0x34 CMakeFiles/slc.dir/base/home/tuya/.silabs/slt/installs/conan/p/simpl965e19baece23/p/platform_core/platform/driver/leddrv/src/sl_simple_led.c.obj
                0x000000000100be2c                sl_simple_led_init
 .text.sl_hal_gpio_clear_pin
                0x000000000100be60       0x58 CMakeFiles/slc.dir/base/home/tuya/.silabs/slt/installs/conan/p/simpl965e19baece23/p/platform_core/platform/peripheral/src/sl_hal_gpio.c.obj
                0x000000000100be60                sl_hal_gpio_clear_pin
 .text.sl_hal_gpio_get_pin_output
                0x000000000100beb8       0x5c CMakeFiles/slc.dir/base/home/tuya/.silabs/slt/installs/conan/p/simpl965e19baece23/p/platform_core/platform/peripheral/src/sl_hal_gpio.c.obj
                0x000000000100beb8                sl_hal_gpio_get_pin_output
 .text.sl_hal_gpio_get_enabled_pending_interrupts
                0x000000000100bf14       0x14 CMakeFiles/slc.dir/base/home/tuya/.silabs/slt/installs/conan/p/simpl965e19baece23/p/platform_core/platform/peripheral/src/sl_hal_gpio.c.obj
                0x000000000100bf14                sl_hal_gpio_get_enabled_pending_interrupts
 .text.sl_hal_gpio_set_pin_mode
                0x000000000100bf28       0xd0 CMakeFiles/slc.dir/base/home/tuya/.silabs/slt/installs/conan/p/simpl965e19baece23/p/platform_core/platform/peripheral/src/sl_hal_gpio.c.obj
                0x000000000100bf28                sl_hal_gpio_set_pin_mode
 .text.sl_hal_syscfg_clear_systicextclken_cfgsystic
                0x000000000100bff8       0x10 CMakeFiles/slc.dir/base/home/tuya/.silabs/slt/installs/conan/p/simpl965e19baece23/p/platform_core/platform/peripheral/src/sl_hal_syscfg.c.obj
                0x000000000100bff8                sl_hal_syscfg_clear_systicextclken_cfgsystic
 .text.sl_hal_sysrtc_stop
                0x000000000100c008       0x28 CMakeFiles/slc.dir/base/home/tuya/.silabs/slt/installs/conan/p/simpl965e19baece23/p/platform_core/platform/peripheral/src/sl_hal_sysrtc.c.obj
                0x000000000100c008                sl_hal_sysrtc_stop
 .text.sl_hal_sysrtc_disable
                0x000000000100c030       0x1c CMakeFiles/slc.dir/base/home/tuya/.silabs/slt/installs/conan/p/simpl965e19baece23/p/platform_core/platform/peripheral/src/sl_hal_sysrtc.c.obj
                0x000000000100c030                sl_hal_sysrtc_disable
 .text.sl_hal_system_get_hfrco_default_calibration
                0x000000000100c04c        0xc CMakeFiles/slc.dir/base/home/tuya/.silabs/slt/installs/conan/p/simpl965e19baece23/p/platform_core/platform/peripheral/src/sl_hal_system.c.obj
                0x000000000100c04c                sl_hal_system_get_hfrco_default_calibration
 .text.sl_hal_system_get_hfrcoem23_calibration
                0x000000000100c058       0x38 CMakeFiles/slc.dir/base/home/tuya/.silabs/slt/installs/conan/p/simpl965e19baece23/p/platform_core/platform/peripheral/src/sl_hal_system.c.obj
                0x000000000100c058                sl_hal_system_get_hfrcoem23_calibration
 .text.sl_hal_system_get_flash_page_size
                0x000000000100c090        0x8 CMakeFiles/slc.dir/base/home/tuya/.silabs/slt/installs/conan/p/simpl965e19baece23/p/platform_core/platform/peripheral/src/sl_hal_system.c.obj
                0x000000000100c090                sl_hal_system_get_flash_page_size
 .text.sli_clock_manager_hal_runtime_init
                0x000000000100c098       0x38 CMakeFiles/slc.dir/base/home/tuya/.silabs/slt/installs/conan/p/simpl965e19baece23/p/platform_core/platform/service/clock_manager/src/sl_clock_manager_hal_s3.c.obj
                0x000000000100c098                sli_clock_manager_hal_runtime_init
 .text.HFXO0_IRQHandler
                0x000000000100c0d0       0x20 CMakeFiles/slc.dir/base/home/tuya/.silabs/slt/installs/conan/p/simpl965e19baece23/p/platform_core/platform/service/clock_manager/src/sl_clock_manager_hal_s3.c.obj
                0x000000000100c0d0                HFXO0_IRQHandler
 .text.sli_clock_manager_hal_init
                0x000000000100c0f0      0x4c8 CMakeFiles/slc.dir/base/home/tuya/.silabs/slt/installs/conan/p/simpl965e19baece23/p/platform_core/platform/service/clock_manager/src/sl_clock_manager_init_hal_s3.c.obj
                0x000000000100c0f0                sli_clock_manager_hal_init
 .text.sli_interrupt_manager_set_irq_table
                0x000000000100c5b8       0x4c CMakeFiles/slc.dir/base/home/tuya/.silabs/slt/installs/conan/p/simpl965e19baece23/p/platform_core/platform/service/interrupt_manager/src/sl_interrupt_manager_cortexm.c.obj
                0x000000000100c5b8                sli_interrupt_manager_set_irq_table
 .text.sl_interrupt_manager_disable_irq
                0x000000000100c604       0x3c CMakeFiles/slc.dir/base/home/tuya/.silabs/slt/installs/conan/p/simpl965e19baece23/p/platform_core/platform/service/interrupt_manager/src/sl_interrupt_manager_cortexm.c.obj
                0x000000000100c604                sl_interrupt_manager_disable_irq
 .text.sl_interrupt_manager_enable_irq
                0x000000000100c640       0x34 CMakeFiles/slc.dir/base/home/tuya/.silabs/slt/installs/conan/p/simpl965e19baece23/p/platform_core/platform/service/interrupt_manager/src/sl_interrupt_manager_cortexm.c.obj
                0x000000000100c640                sl_interrupt_manager_enable_irq
 .text.sl_interrupt_manager_is_irq_disabled
                0x000000000100c674       0x30 CMakeFiles/slc.dir/base/home/tuya/.silabs/slt/installs/conan/p/simpl965e19baece23/p/platform_core/platform/service/interrupt_manager/src/sl_interrupt_manager_cortexm.c.obj
                0x000000000100c674                sl_interrupt_manager_is_irq_disabled
 .text.sl_interrupt_manager_clear_irq_pending
                0x000000000100c6a4       0x1c CMakeFiles/slc.dir/base/home/tuya/.silabs/slt/installs/conan/p/simpl965e19baece23/p/platform_core/platform/service/interrupt_manager/src/sl_interrupt_manager_cortexm.c.obj
                0x000000000100c6a4                sl_interrupt_manager_clear_irq_pending
 .text.sl_interrupt_manager_set_irq_priority
                0x000000000100c6c0       0x54 CMakeFiles/slc.dir/base/home/tuya/.silabs/slt/installs/conan/p/simpl965e19baece23/p/platform_core/platform/service/interrupt_manager/src/sl_interrupt_manager_cortexm.c.obj
                0x000000000100c6c0                sl_interrupt_manager_set_irq_priority
 .text.sl_interrupt_manager_init
                0x000000000100c714       0x68 CMakeFiles/slc.dir/base/home/tuya/.silabs/slt/installs/conan/p/simpl965e19baece23/p/platform_core/platform/service/interrupt_manager/src/sl_interrupt_manager_cortexm.c.obj
                0x000000000100c714                sl_interrupt_manager_init
 .text.sl_memory_init
                0x000000000100c77c       0x38 CMakeFiles/slc.dir/base/home/tuya/.silabs/slt/installs/conan/p/simpl965e19baece23/p/platform_core/platform/service/memory_manager/src/sl_memory_manager.c.obj
                0x000000000100c77c                sl_memory_init
 .text.sl_memory_heap_alloc_advanced
                0x000000000100c7b4      0x20c CMakeFiles/slc.dir/base/home/tuya/.silabs/slt/installs/conan/p/simpl965e19baece23/p/platform_core/platform/service/memory_manager/src/sl_memory_manager.c.obj
                0x000000000100c7b4                sl_memory_heap_alloc_advanced
 .text.sl_memory_alloc_advanced
                0x000000000100c9c0       0x1c CMakeFiles/slc.dir/base/home/tuya/.silabs/slt/installs/conan/p/simpl965e19baece23/p/platform_core/platform/service/memory_manager/src/sl_memory_manager.c.obj
                0x000000000100c9c0                sl_memory_alloc_advanced
 .text.sl_memory_get_heap_region
                0x000000000100c9dc       0x14 CMakeFiles/slc.dir/base/home/tuya/.silabs/slt/installs/conan/p/simpl965e19baece23/p/platform_core/platform/service/memory_manager/src/sl_memory_manager_region.c.obj
                0x000000000100c9dc                sl_memory_get_heap_region
 .text.sli_memory_find_head_free_block
                0x000000000100c9f0       0x58 CMakeFiles/slc.dir/base/home/tuya/.silabs/slt/installs/conan/p/simpl965e19baece23/p/platform_core/platform/service/memory_manager/src/sli_memory_manager_common.c.obj
                0x000000000100c9f0                sli_memory_find_head_free_block
 .text.sli_memory_create_heap
                0x000000000100ca48       0x5c CMakeFiles/slc.dir/base/home/tuya/.silabs/slt/installs/conan/p/simpl965e19baece23/p/platform_core/platform/service/memory_manager/src/sli_memory_manager_common.c.obj
                0x000000000100ca48                sli_memory_create_heap
 .text.start_task_handler
                0x000000000100caa4       0x18 CMakeFiles/slc.dir/base/home/tuya/.silabs/slt/installs/conan/p/simpl965e19baece23/p/platform_core/platform/service/sl_main/src/sl_main_kernel.c.obj
 .text.sli_main_kernel_start_task_initialize
                0x000000000100cabc       0x40 CMakeFiles/slc.dir/base/home/tuya/.silabs/slt/installs/conan/p/simpl965e19baece23/p/platform_core/platform/service/sl_main/src/sl_main_kernel.c.obj
                0x000000000100cabc                sli_main_kernel_start_task_initialize
 .text.sl_sleeptimer_init
                0x000000000100cafc       0x74 CMakeFiles/slc.dir/base/home/tuya/.silabs/slt/installs/conan/p/simpl965e19baece23/p/platform_core/platform/service/sleeptimer/src/sl_sleeptimer.c.obj
                0x000000000100cafc                sl_sleeptimer_init
 .text.sleeptimer_hal_init_timer
                0x000000000100cb70       0x68 CMakeFiles/slc.dir/base/home/tuya/.silabs/slt/installs/conan/p/simpl965e19baece23/p/platform_core/platform/service/sleeptimer/src/sl_sleeptimer_hal_sysrtc.c.obj
                0x000000000100cb70                sleeptimer_hal_init_timer
 .text.sl_token_manager_init
                0x000000000100cbd8       0x34 CMakeFiles/slc.dir/base/home/tuya/.silabs/slt/installs/conan/p/simpl965e19baece23/p/platform_core/platform/service/token_manager/src/sl_token_manager_api.c.obj
                0x000000000100cbd8                sl_token_manager_init
 .text.sl_token_manager_lock_create_mutex
                0x000000000100cc0c       0x38 CMakeFiles/slc.dir/base/home/tuya/.silabs/slt/installs/conan/p/simpl965e19baece23/p/platform_core/platform/service/token_manager/src/sl_token_manager_lock.c.obj
                0x000000000100cc0c                sl_token_manager_lock_create_mutex
 .text.sl_token_manager_lock_begin
                0x000000000100cc44       0x3c CMakeFiles/slc.dir/base/home/tuya/.silabs/slt/installs/conan/p/simpl965e19baece23/p/platform_core/platform/service/token_manager/src/sl_token_manager_lock.c.obj
                0x000000000100cc44                sl_token_manager_lock_begin
 .text.sl_token_manager_lock_end
                0x000000000100cc80       0x30 CMakeFiles/slc.dir/base/home/tuya/.silabs/slt/installs/conan/p/simpl965e19baece23/p/platform_core/platform/service/token_manager/src/sl_token_manager_lock.c.obj
                0x000000000100cc80                sl_token_manager_lock_end
 .text.sli_token_manager_flash_open
                0x000000000100ccb0        0xc CMakeFiles/slc.dir/base/home/tuya/.silabs/slt/installs/conan/p/simpl965e19baece23/p/platform_core/platform/service/token_manager/src/sli_token_manager_backend_nvm.c.obj
                0x000000000100ccb0                sli_token_manager_flash_open
 .text.sli_token_manager_flash_read
                0x000000000100ccbc        0xc CMakeFiles/slc.dir/base/home/tuya/.silabs/slt/installs/conan/p/simpl965e19baece23/p/platform_core/platform/service/token_manager/src/sli_token_manager_backend_nvm.c.obj
                0x000000000100ccbc                sli_token_manager_flash_read
 .text.sli_token_manager_cal_checksum
                0x000000000100ccc8       0x38 CMakeFiles/slc.dir/base/home/tuya/.silabs/slt/installs/conan/p/simpl965e19baece23/p/platform_core/platform/service/token_manager/src/sli_token_manager_format_klv.c.obj
 .text.sli_read_klv_object